Archive member included to satisfy reference by file (symbol)

c:/program files (x86)/gnu tools arm embedded/5.4 2016q3/bin/../lib/gcc/arm-none-eabi/5.4.1/../../../../arm-none-eabi/lib/armv7-m\libm.a(lib_a-w_exp.o)
                              ..\obj\sheppard.o (exp)
c:/program files (x86)/gnu tools arm embedded/5.4 2016q3/bin/../lib/gcc/arm-none-eabi/5.4.1/../../../../arm-none-eabi/lib/armv7-m\libm.a(lib_a-e_exp.o)
                              c:/program files (x86)/gnu tools arm embedded/5.4 2016q3/bin/../lib/gcc/arm-none-eabi/5.4.1/../../../../arm-none-eabi/lib/armv7-m\libm.a(lib_a-w_exp.o) (__ieee754_exp)
c:/program files (x86)/gnu tools arm embedded/5.4 2016q3/bin/../lib/gcc/arm-none-eabi/5.4.1/../../../../arm-none-eabi/lib/armv7-m\libm.a(lib_a-s_finite.o)
                              c:/program files (x86)/gnu tools arm embedded/5.4 2016q3/bin/../lib/gcc/arm-none-eabi/5.4.1/../../../../arm-none-eabi/lib/armv7-m\libm.a(lib_a-w_exp.o) (finite)
c:/program files (x86)/gnu tools arm embedded/5.4 2016q3/bin/../lib/gcc/arm-none-eabi/5.4.1/../../../../arm-none-eabi/lib/armv7-m\libm.a(lib_a-s_lib_ver.o)
                              c:/program files (x86)/gnu tools arm embedded/5.4 2016q3/bin/../lib/gcc/arm-none-eabi/5.4.1/../../../../arm-none-eabi/lib/armv7-m\libm.a(lib_a-w_exp.o) (__fdlib_version)
c:/program files (x86)/gnu tools arm embedded/5.4 2016q3/bin/../lib/gcc/arm-none-eabi/5.4.1/../../../../arm-none-eabi/lib/armv7-m\libm.a(lib_a-s_matherr.o)
                              c:/program files (x86)/gnu tools arm embedded/5.4 2016q3/bin/../lib/gcc/arm-none-eabi/5.4.1/../../../../arm-none-eabi/lib/armv7-m\libm.a(lib_a-w_exp.o) (matherr)
c:/program files (x86)/gnu tools arm embedded/5.4 2016q3/bin/../lib/gcc/arm-none-eabi/5.4.1/armv7-m\libgcc.a(_arm_addsubdf3.o)
                              c:/program files (x86)/gnu tools arm embedded/5.4 2016q3/bin/../lib/gcc/arm-none-eabi/5.4.1/../../../../arm-none-eabi/lib/armv7-m\libm.a(lib_a-e_exp.o) (__aeabi_dsub)
c:/program files (x86)/gnu tools arm embedded/5.4 2016q3/bin/../lib/gcc/arm-none-eabi/5.4.1/armv7-m\libgcc.a(_arm_muldivdf3.o)
                              ..\obj\main.o (__aeabi_dmul)
c:/program files (x86)/gnu tools arm embedded/5.4 2016q3/bin/../lib/gcc/arm-none-eabi/5.4.1/armv7-m\libgcc.a(_arm_cmpdf2.o)
                              c:/program files (x86)/gnu tools arm embedded/5.4 2016q3/bin/../lib/gcc/arm-none-eabi/5.4.1/../../../../arm-none-eabi/lib/armv7-m\libm.a(lib_a-w_exp.o) (__aeabi_dcmplt)
c:/program files (x86)/gnu tools arm embedded/5.4 2016q3/bin/../lib/gcc/arm-none-eabi/5.4.1/armv7-m\libgcc.a(_arm_fixdfsi.o)
                              c:/program files (x86)/gnu tools arm embedded/5.4 2016q3/bin/../lib/gcc/arm-none-eabi/5.4.1/../../../../arm-none-eabi/lib/armv7-m\libm.a(lib_a-e_exp.o) (__aeabi_d2iz)
c:/program files (x86)/gnu tools arm embedded/5.4 2016q3/bin/../lib/gcc/arm-none-eabi/5.4.1/armv7-m\libgcc.a(_arm_fixunsdfsi.o)
                              ..\obj\main.o (__aeabi_d2uiz)
c:/program files (x86)/gnu tools arm embedded/5.4 2016q3/bin/../lib/gcc/arm-none-eabi/5.4.1/../../../../arm-none-eabi/lib/armv7-m\libg.a(lib_a-atoi.o)
                              ..\obj\console.o (atoi)
c:/program files (x86)/gnu tools arm embedded/5.4 2016q3/bin/../lib/gcc/arm-none-eabi/5.4.1/../../../../arm-none-eabi/lib/armv7-m\libg.a(lib_a-errno.o)
                              c:/program files (x86)/gnu tools arm embedded/5.4 2016q3/bin/../lib/gcc/arm-none-eabi/5.4.1/../../../../arm-none-eabi/lib/armv7-m\libm.a(lib_a-w_exp.o) (__errno)
c:/program files (x86)/gnu tools arm embedded/5.4 2016q3/bin/../lib/gcc/arm-none-eabi/5.4.1/../../../../arm-none-eabi/lib/armv7-m\libg.a(lib_a-impure.o)
                              c:/program files (x86)/gnu tools arm embedded/5.4 2016q3/bin/../lib/gcc/arm-none-eabi/5.4.1/../../../../arm-none-eabi/lib/armv7-m\libg.a(lib_a-errno.o) (_impure_ptr)
c:/program files (x86)/gnu tools arm embedded/5.4 2016q3/bin/../lib/gcc/arm-none-eabi/5.4.1/../../../../arm-none-eabi/lib/armv7-m\libg.a(lib_a-malloc.o)
                              ..\obj\fifo.o (malloc)
c:/program files (x86)/gnu tools arm embedded/5.4 2016q3/bin/../lib/gcc/arm-none-eabi/5.4.1/../../../../arm-none-eabi/lib/armv7-m\libg.a(lib_a-mallocr.o)
                              c:/program files (x86)/gnu tools arm embedded/5.4 2016q3/bin/../lib/gcc/arm-none-eabi/5.4.1/../../../../arm-none-eabi/lib/armv7-m\libg.a(lib_a-malloc.o) (_malloc_r)
c:/program files (x86)/gnu tools arm embedded/5.4 2016q3/bin/../lib/gcc/arm-none-eabi/5.4.1/../../../../arm-none-eabi/lib/armv7-m\libg.a(lib_a-memcpy.o)
                              ..\obj\fifo.o (memcpy)
c:/program files (x86)/gnu tools arm embedded/5.4 2016q3/bin/../lib/gcc/arm-none-eabi/5.4.1/../../../../arm-none-eabi/lib/armv7-m\libg.a(lib_a-memset.o)
                              ..\obj\misc.o (memset)
[...]
Memory Configuration

Name             Origin             Length             Attributes
rom              0x08000000         0x00020000         xr
ram              0x20000000         0x00002000         xrw
*default*        0x00000000         0xffffffff

Linker script and memory map

                0x20002000                _eram = 0x20002000

.text           0x08000000    0x14bc0
 *(.isr_vector)
 .isr_vector    0x08000000      0x124 ..\obj\startup_stm32f10x_md_vl.o
                0x08000000                g_pfnVectors
 *(.text*)
 .text.TIM_TimeBaseInit
                0x08000124       0x94 ..\obj\stm32f10x_tim.o
                0x08000124                TIM_TimeBaseInit
 .text.TIM_TimeBaseStructInit
                0x080001b8       0x12 ..\obj\stm32f10x_tim.o
                0x080001b8                TIM_TimeBaseStructInit
 .text.TIM_Cmd  0x080001ca       0x18 ..\obj\stm32f10x_tim.o
                0x080001ca                TIM_Cmd
 .text.TIM_DMACmd
                0x080001e2       0x12 ..\obj\stm32f10x_tim.o
                0x080001e2                TIM_DMACmd
 .text.TIM_ITConfig
                0x080001f4        0x4 ..\obj\stm32f10x_tim.o
                0x080001f4                TIM_ITConfig
 .text.TIM_SelectOutputTrigger
                0x080001f8       0x16 ..\obj\stm32f10x_tim.o
                0x080001f8                TIM_SelectOutputTrigger
 .text.TIM_ClearITPendingBit
                0x0800020e        0x8 ..\obj\stm32f10x_tim.o
                0x0800020e                TIM_ClearITPendingBit
 .text.Default_Handler
                0x08000216        0x2 ..\obj\startup_stm32f10x_md_vl.o
                0x08000216                EXTI2_IRQHandler
                0x08000216                DebugMon_Handler
                0x08000216                TIM1_CC_IRQHandler
                0x08000216                HardFault_Handler
                0x08000216                PVD_IRQHandler
                0x08000216                PendSV_Handler
                0x08000216                NMI_Handler
                0x08000216                EXTI3_IRQHandler
                0x08000216                EXTI0_IRQHandler
                0x08000216                I2C2_EV_IRQHandler
                0x08000216                TIM1_UP_TIM16_IRQHandler
                0x08000216                UsageFault_Handler
                0x08000216                SPI1_IRQHandler
                0x08000216                TAMPER_IRQHandler
                0x08000216                DMA1_Channel4_IRQHandler
                0x08000216                ADC1_IRQHandler
                0x08000216                USART3_IRQHandler
                0x08000216                RTC_IRQHandler
                0x08000216                DMA1_Channel7_IRQHandler
                0x08000216                TIM4_IRQHandler
                0x08000216                I2C1_EV_IRQHandler
                0x08000216                DMA1_Channel6_IRQHandler
                0x08000216                TIM3_IRQHandler
                0x08000216                RCC_IRQHandler
                0x08000216                DMA1_Channel1_IRQHandler
                0x08000216                CEC_IRQHandler
                0x08000216                EXTI15_10_IRQHandler
                0x08000216                TIM7_IRQHandler
                0x08000216                EXTI9_5_IRQHandler
                0x08000216                SPI2_IRQHandler
                0x08000216                MemManage_Handler
                0x08000216                SVC_Handler
                0x08000216                DMA1_Channel5_IRQHandler
                0x08000216                EXTI4_IRQHandler
                0x08000216                TIM1_TRG_COM_TIM17_IRQHandler
                0x08000216                DMA1_Channel3_IRQHandler
                0x08000216                WWDG_IRQHandler
                0x08000216                TIM2_IRQHandler
                0x08000216                EXTI1_IRQHandler
                0x08000216                RTCAlarm_IRQHandler
                0x08000216                USART2_IRQHandler
                0x08000216                I2C2_ER_IRQHandler
                0x08000216                DMA1_Channel2_IRQHandler
                0x08000216                FLASH_IRQHandler
                0x08000216                BusFault_Handler
                0x08000216                I2C1_ER_IRQHandler
                0x08000216                TIM1_BRK_TIM15_IRQHandler
 .text.Default_Reset_Handler
                0x08000218       0x48 ..\obj\startup_stm32f10x_md_vl.o
                0x08000218                Default_Reset_Handler
                0x08000218                Reset_Handler
 .text.__get_PRIMASK
                0x08000260        0x6 ..\obj\core_cm3.o
                0x08000260                __get_PRIMASK
 .text.__set_PRIMASK
                0x08000266        0x6 ..\obj\core_cm3.o
                0x08000266                __set_PRIMASK
 .text.SystemInit
                0x0800026c       0xd4 ..\obj\system_stm32f10x.o
                0x0800026c                SystemInit
 .text.uart1_isrtx_enable
                0x08000340       0x10 ..\obj\uart.o
                0x08000340                uart1_isrtx_enable
 .text.USART1_IRQHandler
                0x08000350       0xd0 ..\obj\uart.o
                0x08000350                USART1_IRQHandler
 .text.uart1_init
                0x08000420       0xac ..\obj\uart.o
                0x08000420                uart1_init
 .text.GPIO_Init
                0x080004cc       0xa4 ..\obj\stm32f10x_gpio.o
                0x080004cc                GPIO_Init
 .text.GPIO_ReadInputData
                0x08000570        0x6 ..\obj\stm32f10x_gpio.o
                0x08000570                GPIO_ReadInputData
 .text.GPIO_SetBits
                0x08000576        0x4 ..\obj\stm32f10x_gpio.o
                0x08000576                GPIO_SetBits
 .text.GPIO_ResetBits
                0x0800057a        0x4 ..\obj\stm32f10x_gpio.o
                0x0800057a                GPIO_ResetBits
 *fill*         0x0800057e        0x2 
 .text.DAC_Init
                0x08000580       0x2c ..\obj\stm32f10x_dac.o
                0x08000580                DAC_Init
 .text.DAC_StructInit
                0x080005ac        0xc ..\obj\stm32f10x_dac.o
                0x080005ac                DAC_StructInit
 .text.DAC_Cmd  0x080005b8       0x20 ..\obj\stm32f10x_dac.o
                0x080005b8                DAC_Cmd
 .text.main_fly
                0x080005d8        0xe ..\obj\main.o
                0x080005d8                main_fly
 *fill*         0x080005e6        0x2 
 .text.SysTick_Handler
                0x080005e8       0x18 ..\obj\main.o
                0x080005e8                SysTick_Handler
 .text.startup.main
                0x08000600       0xd8 ..\obj\main.o
                0x08000600                main
 .text.RCC_ADCCLKConfig
                0x080006d8       0x14 ..\obj\stm32f10x_rcc.o
                0x080006d8                RCC_ADCCLKConfig
 .text.RCC_GetClocksFreq
                0x080006ec       0x88 ..\obj\stm32f10x_rcc.o
                0x080006ec                RCC_GetClocksFreq
 .text.RCC_APB2PeriphClockCmd
                0x08000774       0x18 ..\obj\stm32f10x_rcc.o
                0x08000774                RCC_APB2PeriphClockCmd
 .text.RCC_APB1PeriphClockCmd
                0x0800078c       0x18 ..\obj\stm32f10x_rcc.o
                0x0800078c                RCC_APB1PeriphClockCmd
 .text.ADC_Init
                0x080007a4       0x48 ..\obj\stm32f10x_adc.o
                0x080007a4                ADC_Init
 .text.ADC_Cmd  0x080007ec       0x12 ..\obj\stm32f10x_adc.o
                0x080007ec                ADC_Cmd
 .text.ADC_ResetCalibration
                0x080007fe        0xa ..\obj\stm32f10x_adc.o
                0x080007fe                ADC_ResetCalibration
 .text.ADC_GetResetCalibrationStatus
                0x08000808        0x8 ..\obj\stm32f10x_adc.o
                0x08000808                ADC_GetResetCalibrationStatus
 .text.ADC_StartCalibration
                0x08000810        0xa ..\obj\stm32f10x_adc.o
                0x08000810                ADC_StartCalibration
 .text.ADC_GetCalibrationStatus
                0x0800081a        0x8 ..\obj\stm32f10x_adc.o
                0x0800081a                ADC_GetCalibrationStatus
 .text.ADC_SoftwareStartConvCmd
                0x08000822       0x12 ..\obj\stm32f10x_adc.o
                0x08000822                ADC_SoftwareStartConvCmd
 .text.ADC_RegularChannelConfig
                0x08000834       0x8e ..\obj\stm32f10x_adc.o
                0x08000834                ADC_RegularChannelConfig
 .text.ADC_GetConversionValue
                0x080008c2        0x6 ..\obj\stm32f10x_adc.o
                0x080008c2                ADC_GetConversionValue
 .text.ADC_GetFlagStatus
                0x080008c8        0xc ..\obj\stm32f10x_adc.o
                0x080008c8                ADC_GetFlagStatus
 .text.USART_Init
                0x080008d4       0xa8 ..\obj\stm32f10x_usart.o
                0x080008d4                USART_Init
 .text.USART_StructInit
                0x0800097c       0x16 ..\obj\stm32f10x_usart.o
                0x0800097c                USART_StructInit
 .text.USART_Cmd
                0x08000992       0x18 ..\obj\stm32f10x_usart.o
                0x08000992                USART_Cmd
 .text.USART_ITConfig
                0x080009aa       0x30 ..\obj\stm32f10x_usart.o
                0x080009aa                USART_ITConfig
 .text.USART_SendData
                0x080009da        0x8 ..\obj\stm32f10x_usart.o
                0x080009da                USART_SendData
 .text.USART_ReceiveData
                0x080009e2        0x8 ..\obj\stm32f10x_usart.o
                0x080009e2                USART_ReceiveData
 .text.USART_GetFlagStatus
                0x080009ea        0xc ..\obj\stm32f10x_usart.o
                0x080009ea                USART_GetFlagStatus
 .text.atomic_enter
                0x080009f6        0xa ..\obj\fifo.o
 .text.fifo_flush
                0x08000a00       0x2a ..\obj\fifo.o
                0x08000a00                fifo_flush
 .text.fifo_init
                0x08000a2a       0x30 ..\obj\fifo.o
                0x08000a2a                fifo_init
 *fill*         0x08000a5a        0x2 
 .text._sbrk    0x08000a5c       0x1c ..\obj\syscalls.o
                0x08000a5c                _sbrk
 .text.console_timer
                0x08000a78       0x14 ..\obj\console.o
                0x08000a78                console_timer
 .text.console_init
                0x08000a8c       0x1c ..\obj\console.o
                0x08000a8c                console_init
 .text.interface_timer
                0x08000aa8       0x10 ..\obj\interface.o
                0x08000aa8                interface_timer
 .text.interface_init
                0x08000ab8       0xd4 ..\obj\interface.o
                0x08000ab8                interface_init
 .text.pot_process
                0x08000b8c       0x38 ..\obj\interface.o
                0x08000b8c                pot_process
 .text.interface_process
                0x08000bc4      0x1e0 ..\obj\interface.o
                0x08000bc4                interface_process
 .text.sheppard_styleset
                0x08000da4        0xc ..\obj\sheppard.o
                0x08000da4                sheppard_styleset
 .text.sheppard_finalize
                0x08000db0       0x34 ..\obj\sheppard.o
                0x08000db0                sheppard_finalize
 .text.sheppard_enter
                0x08000de4        0xc ..\obj\sheppard.o
                0x08000de4                sheppard_enter
 .text.sheppard_exit
                0x08000df0        0xc ..\obj\sheppard.o
                0x08000df0                sheppard_exit
 .text.TIM6_DAC_IRQHandler
                0x08000dfc      0x63c ..\obj\sheppard.o
                0x08000dfc                TIM6_DAC_IRQHandler
 .text.sheppard_envelopeset
                0x08001438       0xa0 ..\obj\sheppard.o
                0x08001438                sheppard_envelopeset
 .text.sheppard_speedset
                0x080014d8       0x1c ..\obj\sheppard.o
                0x080014d8                sheppard_speedset
 .text.sheppard_process
                0x080014f4       0x78 ..\obj\sheppard.o
                0x080014f4                sheppard_process
 .text.sheppard_init
                0x0800156c       0xe8 ..\obj\sheppard.o
                0x0800156c                sheppard_init
 *fill*         0x08001654        0x4 
 .text.exp      0x08001658       0xf8 c:/program files (x86)/gnu tools arm embedded/5.4 2016q3/bin/../lib/gcc/arm-none-eabi/5.4.1/../../../../arm-none-eabi/lib/armv7-m\libm.a(lib_a-w_exp.o)
                0x08001658                exp
 .text.__ieee754_exp
                0x08001750      0x2ec c:/program files (x86)/gnu tools arm embedded/5.4 2016q3/bin/../lib/gcc/arm-none-eabi/5.4.1/../../../../arm-none-eabi/lib/armv7-m\libm.a(lib_a-e_exp.o)
                0x08001750                __ieee754_exp
 .text.finite   0x08001a3c        0xc c:/program files (x86)/gnu tools arm embedded/5.4 2016q3/bin/../lib/gcc/arm-none-eabi/5.4.1/../../../../arm-none-eabi/lib/armv7-m\libm.a(lib_a-s_finite.o)
                0x08001a3c                finite
 .text.matherr  0x08001a48        0x4 c:/program files (x86)/gnu tools arm embedded/5.4 2016q3/bin/../lib/gcc/arm-none-eabi/5.4.1/../../../../arm-none-eabi/lib/armv7-m\libm.a(lib_a-s_matherr.o)
                0x08001a48                matherr
 .text          0x08001a4c      0x370 c:/program files (x86)/gnu tools arm embedded/5.4 2016q3/bin/../lib/gcc/arm-none-eabi/5.4.1/armv7-m\libgcc.a(_arm_addsubdf3.o)
                0x08001a4c                __aeabi_drsub
                0x08001a54                __aeabi_dsub
                0x08001a54                __subdf3
                0x08001a58                __aeabi_dadd
                0x08001a58                __adddf3
                0x08001cd0                __floatunsidf
                0x08001cd0                __aeabi_ui2d
                0x08001cf0                __floatsidf
                0x08001cf0                __aeabi_i2d
                0x08001d14                __aeabi_f2d
                0x08001d14                __extendsfdf2
                0x08001d50                __floatundidf
                0x08001d50                __aeabi_ul2d
                0x08001d60                __floatdidf
                0x08001d60                __aeabi_l2d
 .text          0x08001dbc      0x424 c:/program files (x86)/gnu tools arm embedded/5.4 2016q3/bin/../lib/gcc/arm-none-eabi/5.4.1/armv7-m\libgcc.a(_arm_muldivdf3.o)
                0x08001dbc                __aeabi_dmul
                0x08001dbc                __muldf3
                0x08002010                __divdf3
                0x08002010                __aeabi_ddiv
 .text          0x080021e0      0x110 c:/program files (x86)/gnu tools arm embedded/5.4 2016q3/bin/../lib/gcc/arm-none-eabi/5.4.1/armv7-m\libgcc.a(_arm_cmpdf2.o)
                0x080021e0                __gtdf2
                0x080021e0                __gedf2
                0x080021e8                __ltdf2
                0x080021e8                __ledf2
                0x080021f0                __nedf2
                0x080021f0                __eqdf2
                0x080021f0                __cmpdf2
                0x0800226c                __aeabi_cdrcmple
                0x0800227c                __aeabi_cdcmpeq
                0x0800227c                __aeabi_cdcmple
                0x0800228c                __aeabi_dcmpeq
                0x080022a0                __aeabi_dcmplt
                0x080022b4                __aeabi_dcmple
                0x080022c8                __aeabi_dcmpge
                0x080022dc                __aeabi_dcmpgt
 .text          0x080022f0       0x50 c:/program files (x86)/gnu tools arm embedded/5.4 2016q3/bin/../lib/gcc/arm-none-eabi/5.4.1/armv7-m\libgcc.a(_arm_fixdfsi.o)
                0x080022f0                __aeabi_d2iz
                0x080022f0                __fixdfsi
 .text          0x08002340       0x40 c:/program files (x86)/gnu tools arm embedded/5.4 2016q3/bin/../lib/gcc/arm-none-eabi/5.4.1/armv7-m\libgcc.a(_arm_fixunsdfsi.o)
                0x08002340                __aeabi_d2uiz
                0x08002340                __fixunsdfsi
 .text.__errno  0x08002380        0xc c:/program files (x86)/gnu tools arm embedded/5.4 2016q3/bin/../lib/gcc/arm-none-eabi/5.4.1/../../../../arm-none-eabi/lib/armv7-m\libg.a(lib_a-errno.o)
                0x08002380                __errno
 .text.malloc   0x0800238c       0x10 c:/program files (x86)/gnu tools arm embedded/5.4 2016q3/bin/../lib/gcc/arm-none-eabi/5.4.1/../../../../arm-none-eabi/lib/armv7-m\libg.a(lib_a-malloc.o)
                0x0800238c                malloc
 .text._malloc_r
                0x0800239c      0x558 c:/program files (x86)/gnu tools arm embedded/5.4 2016q3/bin/../lib/gcc/arm-none-eabi/5.4.1/../../../../arm-none-eabi/lib/armv7-m\libg.a(lib_a-mallocr.o)
                0x0800239c                _malloc_r
 .text.__malloc_lock
                0x080028f4        0x4 c:/program files (x86)/gnu tools arm embedded/5.4 2016q3/bin/../lib/gcc/arm-none-eabi/5.4.1/../../../../arm-none-eabi/lib/armv7-m\libg.a(lib_a-mlock.o)
                0x080028f4                __malloc_lock
 .text.__malloc_unlock
                0x080028f8        0x4 c:/program files (x86)/gnu tools arm embedded/5.4 2016q3/bin/../lib/gcc/arm-none-eabi/5.4.1/../../../../arm-none-eabi/lib/armv7-m\libg.a(lib_a-mlock.o)
                0x080028f8                __malloc_unlock
 .text._sbrk_r  0x080028fc       0x24 c:/program files (x86)/gnu tools arm embedded/5.4 2016q3/bin/../lib/gcc/arm-none-eabi/5.4.1/../../../../arm-none-eabi/lib/armv7-m\libg.a(lib_a-sbrkr.o)
                0x080028fc                _sbrk_r
 .text._malloc_trim_r
                0x08002920       0x9c c:/program files (x86)/gnu tools arm embedded/5.4 2016q3/bin/../lib/gcc/arm-none-eabi/5.4.1/../../../../arm-none-eabi/lib/armv7-m\libg.a(lib_a-freer.o)
                0x08002920                _malloc_trim_r
 .text._free_r  0x080029bc      0x1d0 c:/program files (x86)/gnu tools arm embedded/5.4 2016q3/bin/../lib/gcc/arm-none-eabi/5.4.1/../../../../arm-none-eabi/lib/armv7-m\libg.a(lib_a-freer.o)
                0x080029bc                _free_r
 *(.init)
 *(.fini)
 *crtbegin.o(.ctors)
 *crtbegin?.o(.ctors)
 *(EXCLUDE_FILE(*crtend.o *crtend?.o) .ctors)
 *(SORT(.ctors.*))
 *(.ctors)
 *crtbegin.o(.dtors)
 *crtbegin?.o(.dtors)
 *(EXCLUDE_FILE(*crtend.o *crtend?.o) .dtors)
 *(SORT(.dtors.*))
 *(.dtors)
 *(.rodata*)
 .rodata        0x08002b8c    0x12000 ..\obj\sheppard.o
 .rodata.str1.4
                0x08014b8c        0x4 c:/program files (x86)/gnu tools arm embedded/5.4 2016q3/bin/../lib/gcc/arm-none-eabi/5.4.1/../../../../arm-none-eabi/lib/armv7-m\libm.a(lib_a-w_exp.o)
 .rodata.halF   0x08014b90       0x10 c:/program files (x86)/gnu tools arm embedded/5.4 2016q3/bin/../lib/gcc/arm-none-eabi/5.4.1/../../../../arm-none-eabi/lib/armv7-m\libm.a(lib_a-e_exp.o)
 .rodata.ln2LO  0x08014ba0       0x10 c:/program files (x86)/gnu tools arm embedded/5.4 2016q3/bin/../lib/gcc/arm-none-eabi/5.4.1/../../../../arm-none-eabi/lib/armv7-m\libm.a(lib_a-e_exp.o)
 .rodata.ln2HI  0x08014bb0       0x10 c:/program files (x86)/gnu tools arm embedded/5.4 2016q3/bin/../lib/gcc/arm-none-eabi/5.4.1/../../../../arm-none-eabi/lib/armv7-m\libm.a(lib_a-e_exp.o)
 *(.eh_fram e*)

.glue_7         0x08014bc0        0x0
 .glue_7        0x08014bc0        0x0 linker stubs

.glue_7t        0x08014bc0        0x0
 .glue_7t       0x08014bc0        0x0 linker stubs

.vfp11_veneer   0x08014bc0        0x0
 .vfp11_veneer  0x08014bc0        0x0 linker stubs

.v4_bx          0x08014bc0        0x0
 .v4_bx         0x08014bc0        0x0 linker stubs

.iplt           0x08014bc0        0x0
 .iplt          0x08014bc0        0x0 ..\obj\stm32f10x_tim.o

.rel.dyn        0x08014bc0        0x0
 .rel.iplt      0x08014bc0        0x0 ..\obj\stm32f10x_tim.o

.ARM.extab
 *(.ARM.extab* .gnu.linkonce.armextab.*)
                0x08014bc0                __exidx_start = .

.ARM.exidx
 *(.ARM.exidx* .gnu.linkonce.armexidx.*)
                0x08014bc0                __exidx_end = .
                0x08014bc0                __etext = .
                0x08014bc0                _sidata = __etext

.data           0x20000000      0x88c load address 0x08014bc0
                0x20000000                __data_start__ = .
                0x20000000                _sdata = __data_start__
 *(vtable)
 *(.data*)
 .data          0x20000000       0x14 ..\obj\system_stm32f10x.o
                0x20000000                SystemCoreClock
                0x20000004                AHBPrescTable
 .data          0x20000014       0x14 ..\obj\stm32f10x_rcc.o
 .data          0x20000028       0x10 ..\obj\interface.o
                0x20000028                interface_output
 .data          0x20000038       0x10 ..\obj\sheppard.o
                0x20000038                style
 .data.__fdlib_version
                0x20000048        0x1 c:/program files (x86)/gnu tools arm embedded/5.4 2016q3/bin/../lib/gcc/arm-none-eabi/5.4.1/../../../../arm-none-eabi/lib/armv7-m\libm.a(lib_a-s_lib_ver.o)
                0x20000048                __fdlib_version
 *fill*         0x20000049        0x7 
 .data.impure_data
                0x20000050      0x428 c:/program files (x86)/gnu tools arm embedded/5.4 2016q3/bin/../lib/gcc/arm-none-eabi/5.4.1/../../../../arm-none-eabi/lib/armv7-m\libg.a(lib_a-impure.o)
 .data._impure_ptr
                0x20000478        0x4 c:/program files (x86)/gnu tools arm embedded/5.4 2016q3/bin/../lib/gcc/arm-none-eabi/5.4.1/../../../../arm-none-eabi/lib/armv7-m\libg.a(lib_a-impure.o)
                0x20000478                _impure_ptr
 .data.__malloc_av_
                0x2000047c      0x408 c:/program files (x86)/gnu tools arm embedded/5.4 2016q3/bin/../lib/gcc/arm-none-eabi/5.4.1/../../../../arm-none-eabi/lib/armv7-m\libg.a(lib_a-mallocr.o)
                0x2000047c                __malloc_av_
 .data.__malloc_trim_threshold
                0x20000884        0x4 c:/program files (x86)/gnu tools arm embedded/5.4 2016q3/bin/../lib/gcc/arm-none-eabi/5.4.1/../../../../arm-none-eabi/lib/armv7-m\libg.a(lib_a-mallocr.o)
                0x20000884                __malloc_trim_threshold
 .data.__malloc_sbrk_base
                0x20000888        0x4 c:/program files (x86)/gnu tools arm embedded/5.4 2016q3/bin/../lib/gcc/arm-none-eabi/5.4.1/../../../../arm-none-eabi/lib/armv7-m\libg.a(lib_a-mallocr.o)
                0x20000888                __malloc_sbrk_base
                0x2000088c                . = ALIGN (0x4)
                [!provide]                PROVIDE (__preinit_array_start, .)
 *(.preinit_array)
                [!provide]                PROVIDE (__preinit_array_end, .)
                0x2000088c                . = ALIGN (0x4)
                [!provide]                PROVIDE (__init_array_start, .)
 *(SORT(.init_array.*))
 *(.init_array)
                [!provide]                PROVIDE (__init_array_end, .)
                0x2000088c                . = ALIGN (0x4)
                [!provide]                PROVIDE (__fini_array_start, .)
 *(SORT(.fini_array.*))
 *(.fini_array)
                [!provide]                PROVIDE (__fini_array_end, .)
 *(.jcr*)
                0x2000088c                . = ALIGN (0x4)
                0x2000088c                __data_end__ = .
                0x2000088c                _edata = __data_end__

.igot.plt       0x2000088c        0x0 load address 0x0801544c
 .igot.plt      0x2000088c        0x0 ..\obj\stm32f10x_tim.o

.bss            0x2000088c      0x368 load address 0x0801544c
                0x2000088c                . = ALIGN (0x4)
                0x2000088c                __bss_start__ = .
                0x2000088c                _sbss = __bss_start__
 *(.bss*)
 .bss           0x2000088c        0x4 ..\obj\uart.o
                0x2000088c                uart1_fifo_rx_ptr
 .bss           0x20000890        0x1 ..\obj\main.o
 *fill*         0x20000891        0x3 
 .bss           0x20000894        0x4 ..\obj\syscalls.o
 .bss           0x20000898       0x12 ..\obj\console.o
                0x20000898                console_device
 *fill*         0x200008aa        0x2 
 .bss           0x200008ac        0xa ..\obj\interface.o
 *fill*         0x200008b6        0x2 
 .bss           0x200008b8      0x29c ..\obj\sheppard.o
 .bss.__malloc_max_total_mem
                0x20000b54        0x4 c:/program files (x86)/gnu tools arm embedded/5.4 2016q3/bin/../lib/gcc/arm-none-eabi/5.4.1/../../../../arm-none-eabi/lib/armv7-m\libg.a(lib_a-mallocr.o)
                0x20000b54                __malloc_max_total_mem
 .bss.__malloc_max_sbrked_mem
                0x20000b58        0x4 c:/program files (x86)/gnu tools arm embedded/5.4 2016q3/bin/../lib/gcc/arm-none-eabi/5.4.1/../../../../arm-none-eabi/lib/armv7-m\libg.a(lib_a-mallocr.o)
                0x20000b58                __malloc_max_sbrked_mem
 .bss.__malloc_top_pad
                0x20000b5c        0x4 c:/program files (x86)/gnu tools arm embedded/5.4 2016q3/bin/../lib/gcc/arm-none-eabi/5.4.1/../../../../arm-none-eabi/lib/armv7-m\libg.a(lib_a-mallocr.o)
                0x20000b5c                __malloc_top_pad
 .bss.__malloc_current_mallinfo
                0x20000b60       0x28 c:/program files (x86)/gnu tools arm embedded/5.4 2016q3/bin/../lib/gcc/arm-none-eabi/5.4.1/../../../../arm-none-eabi/lib/armv7-m\libg.a(lib_a-mallocr.o)
                0x20000b60                __malloc_current_mallinfo
 *(COMMON)
 COMMON         0x20000b88       0x24 ..\obj\uart.o
                0x20000b88                uart1_fifo_tx
 COMMON         0x20000bac       0x24 ..\obj\console.o
                0x20000bac                console_fifo_tx
 COMMON         0x20000bd0       0x1d ..\obj\interface.o
                0x20000bd0                interface_update_window
                0x20000bd4                width_pot
                0x20000bdc                speed_pot
                0x20000be4                center_pot
                0x20000bec                interface_update_speed
 *fill*         0x20000bed        0x3 
 COMMON         0x20000bf0        0x4 c:/program files (x86)/gnu tools arm embedded/5.4 2016q3/bin/../lib/gcc/arm-none-eabi/5.4.1/../../../../arm-none-eabi/lib/armv7-m\libg.a(lib_a-reent.o)
                0x20000bf0                errno
                0x20000bf4                . = ALIGN (0x4)
                0x20000bf4                __bss_end__ = .
                0x20000bf4                _ebss = __bss_end__

.heap           0x20000bf4        0x0
                0x20000bf4                __end__ = .
                0x20000bf4                _end = __end__
                0x20000bf4                end = __end__
 *(.heap*)
                0x20000bf4                __HeapLimit = .

.co_stack       0x20000bf4      0x404 load address 0x080157b4
                0x20000bf8                . = ALIGN (0x8)
 *fill*         0x20000bf4        0x4 
 *(.co_stack .co_stack.*)
 .co_stack      0x20000bf8      0x400 ..\obj\startup_stm32f10x_md_vl.o
                0x20000bf8                pulStack
                0x20002000                __StackTop = (ORIGIN (ram) + LENGTH (ram))
                0x20001bfc                __StackLimit = (__StackTop - SIZEOF (.co_stack))
                [!provide]                PROVIDE (__stack, __StackTop)
                0x00000001                ASSERT ((__StackLimit >= __HeapLimit), region ram  overflowed with stack)
LOAD ..\obj\stm32f10x_tim.o
LOAD ..\obj\startup_stm32f10x_md_vl.o
LOAD ..\obj\core_cm3.o
LOAD ..\obj\atomic.o
LOAD ..\obj\system_stm32f10x.o
LOAD ..\obj\uart.o
LOAD ..\obj\template.o
LOAD ..\obj\stm32f10x_gpio.o
LOAD ..\obj\stm32f10x_dac.o
LOAD ..\obj\main.o
LOAD ..\obj\stm32f10x_rcc.o
LOAD ..\obj\stm32f10x_adc.o
LOAD ..\obj\stm32f10x_usart.o
LOAD ..\obj\fifo.o
LOAD ..\obj\syscalls.o
LOAD ..\obj\stm32f10x_flash.o
LOAD ..\obj\misc.o
LOAD ..\obj\console.o
LOAD ..\obj\interface.o
LOAD ..\obj\sheppard.o
LOAD c:/program files (x86)/gnu tools arm embedded/5.4 2016q3/bin/../lib/gcc/arm-none-eabi/5.4.1/../../../../arm-none-eabi/lib/armv7-m\libm.a
START GROUP
LOAD c:/program files (x86)/gnu tools arm embedded/5.4 2016q3/bin/../lib/gcc/arm-none-eabi/5.4.1/armv7-m\libgcc.a
LOAD c:/program files (x86)/gnu tools arm embedded/5.4 2016q3/bin/../lib/gcc/arm-none-eabi/5.4.1/../../../../arm-none-eabi/lib/armv7-m\libg.a
LOAD c:/program files (x86)/gnu tools arm embedded/5.4 2016q3/bin/../lib/gcc/arm-none-eabi/5.4.1/../../../../arm-none-eabi/lib/armv7-m\libc.a
END GROUP
OUTPUT(Sheppard.elf elf32-littlearm)

.debug_info     0x00000000     0x9fdf
 .debug_info    0x00000000     0x1ff6 ..\obj\stm32f10x_tim.o
 .debug_info    0x00001ff6      0x114 ..\obj\startup_stm32f10x_md_vl.o
 .debug_info    0x0000210a      0x53c ..\obj\core_cm3.o
 .debug_info    0x00002646      0x411 ..\obj\system_stm32f10x.o
 .debug_info    0x00002a57      0xb60 ..\obj\uart.o
 .debug_info    0x000035b7      0x7d9 ..\obj\stm32f10x_gpio.o
 .debug_info    0x00003d90      0x612 ..\obj\stm32f10x_dac.o
 .debug_info    0x000043a2      0x8f3 ..\obj\main.o
 .debug_info    0x00004c95      0x932 ..\obj\stm32f10x_rcc.o
 .debug_info    0x000055c7      0xbd0 ..\obj\stm32f10x_adc.o
 .debug_info    0x00006197      0xab3 ..\obj\stm32f10x_usart.o
 .debug_info    0x00006c4a      0xa1a ..\obj\fifo.o
 .debug_info    0x00007664      0x457 ..\obj\syscalls.o
 .debug_info    0x00007abb      0xbd2 ..\obj\console.o
 .debug_info    0x0000868d      0x95a ..\obj\interface.o
 .debug_info    0x00008fe7      0xff8 ..\obj\sheppard.o

.debug_abbrev   0x00000000     0x2059
 .debug_abbrev  0x00000000      0x2d0 ..\obj\stm32f10x_tim.o
 .debug_abbrev  0x000002d0       0xe1 ..\obj\startup_stm32f10x_md_vl.o
 .debug_abbrev  0x000003b1       0xbb ..\obj\core_cm3.o
 .debug_abbrev  0x0000046c      0x199 ..\obj\system_stm32f10x.o
 .debug_abbrev  0x00000605      0x27b ..\obj\uart.o
 .debug_abbrev  0x00000880      0x1fe ..\obj\stm32f10x_gpio.o
 .debug_abbrev  0x00000a7e      0x20f ..\obj\stm32f10x_dac.o
 .debug_abbrev  0x00000c8d      0x27d ..\obj\main.o
 .debug_abbrev  0x00000f0a      0x1e2 ..\obj\stm32f10x_rcc.o
 .debug_abbrev  0x000010ec      0x1d6 ..\obj\stm32f10x_adc.o
 .debug_abbrev  0x000012c2      0x1e4 ..\obj\stm32f10x_usart.o
 .debug_abbrev  0x000014a6      0x2f1 ..\obj\fifo.o
 .debug_abbrev  0x00001797       0xf4 ..\obj\syscalls.o
 .debug_abbrev  0x0000188b      0x2dc ..\obj\console.o
 .debug_abbrev  0x00001b67      0x1f2 ..\obj\interface.o
 .debug_abbrev  0x00001d59      0x300 ..\obj\sheppard.o

.debug_loc      0x00000000     0x5660
 .debug_loc     0x00000000     0x1c08 ..\obj\stm32f10x_tim.o
 .debug_loc     0x00001c08       0x2b ..\obj\startup_stm32f10x_md_vl.o
 .debug_loc     0x00001c33      0x33a ..\obj\core_cm3.o
 .debug_loc     0x00001f6d       0xad ..\obj\system_stm32f10x.o
 .debug_loc     0x0000201a      0x102 ..\obj\uart.o
 .debug_loc     0x0000211c      0x4ed ..\obj\stm32f10x_gpio.o
 .debug_loc     0x00002609      0x372 ..\obj\stm32f10x_dac.o
 .debug_loc     0x0000297b       0x49 ..\obj\main.o
 .debug_loc     0x000029c4      0x70c ..\obj\stm32f10x_rcc.o
 .debug_loc     0x000030d0      0xa9f ..\obj\stm32f10x_adc.o
 .debug_loc     0x00003b6f      0x751 ..\obj\stm32f10x_usart.o
 .debug_loc     0x000042c0      0x950 ..\obj\fifo.o
 .debug_loc     0x00004c10      0x113 ..\obj\syscalls.o
 .debug_loc     0x00004d23      0x341 ..\obj\console.o
 .debug_loc     0x00005064      0x105 ..\obj\interface.o
 .debug_loc     0x00005169      0x4f7 ..\obj\sheppard.o

.debug_aranges  0x00000000      0xaa8
 .debug_aranges
                0x00000000      0x2d0 ..\obj\stm32f10x_tim.o
 .debug_aranges
                0x000002d0       0x28 ..\obj\startup_stm32f10x_md_vl.o
 .debug_aranges
                0x000002f8       0xc8 ..\obj\core_cm3.o
 .debug_aranges
                0x000003c0       0x28 ..\obj\system_stm32f10x.o
 .debug_aranges
                0x000003e8       0x30 ..\obj\uart.o
 .debug_aranges
                0x00000418       0xa8 ..\obj\stm32f10x_gpio.o
 .debug_aranges
                0x000004c0       0x90 ..\obj\stm32f10x_dac.o
 .debug_aranges
                0x00000550       0x30 ..\obj\main.o
 .debug_aranges
                0x00000580      0x120 ..\obj\stm32f10x_rcc.o
 .debug_aranges
                0x000006a0      0x138 ..\obj\stm32f10x_adc.o
 .debug_aranges
                0x000007d8      0x100 ..\obj\stm32f10x_usart.o
 .debug_aranges
                0x000008d8       0x90 ..\obj\fifo.o
 .debug_aranges
                0x00000968       0x60 ..\obj\syscalls.o
 .debug_aranges
                0x000009c8       0x48 ..\obj\console.o
 .debug_aranges
                0x00000a10       0x38 ..\obj\interface.o
 .debug_aranges
                0x00000a48       0x60 ..\obj\sheppard.o

.debug_ranges   0x00000000      0xab8
 .debug_ranges  0x00000000      0x2f8 ..\obj\stm32f10x_tim.o
 .debug_ranges  0x000002f8       0x18 ..\obj\startup_stm32f10x_md_vl.o
 .debug_ranges  0x00000310       0xb8 ..\obj\core_cm3.o
 .debug_ranges  0x000003c8       0x30 ..\obj\system_stm32f10x.o
 .debug_ranges  0x000003f8       0x20 ..\obj\uart.o
 .debug_ranges  0x00000418       0x98 ..\obj\stm32f10x_gpio.o
 .debug_ranges  0x000004b0       0x80 ..\obj\stm32f10x_dac.o
 .debug_ranges  0x00000530       0x38 ..\obj\main.o
 .debug_ranges  0x00000568      0x110 ..\obj\stm32f10x_rcc.o
 .debug_ranges  0x00000678      0x128 ..\obj\stm32f10x_adc.o
 .debug_ranges  0x000007a0       0xf0 ..\obj\stm32f10x_usart.o
 .debug_ranges  0x00000890       0xe0 ..\obj\fifo.o
 .debug_ranges  0x00000970       0x50 ..\obj\syscalls.o
 .debug_ranges  0x000009c0       0x80 ..\obj\console.o
 .debug_ranges  0x00000a40       0x28 ..\obj\interface.o
 .debug_ranges  0x00000a68       0x50 ..\obj\sheppard.o

.debug_line     0x00000000     0x3e9e
 .debug_line    0x00000000      0xb13 ..\obj\stm32f10x_tim.o
 .debug_line    0x00000b13       0xa6 ..\obj\startup_stm32f10x_md_vl.o
 .debug_line    0x00000bb9      0x2b5 ..\obj\core_cm3.o
 .debug_line    0x00000e6e      0x1e5 ..\obj\system_stm32f10x.o
 .debug_line    0x00001053      0x2e6 ..\obj\uart.o
 .debug_line    0x00001339      0x3cd ..\obj\stm32f10x_gpio.o
 .debug_line    0x00001706      0x355 ..\obj\stm32f10x_dac.o
 .debug_line    0x00001a5b      0x2f5 ..\obj\main.o
 .debug_line    0x00001d50      0x4b8 ..\obj\stm32f10x_rcc.o
 .debug_line    0x00002208      0x51e ..\obj\stm32f10x_adc.o
 .debug_line    0x00002726      0x4b2 ..\obj\stm32f10x_usart.o
 .debug_line    0x00002bd8      0x4a3 ..\obj\fifo.o
 .debug_line    0x0000307b      0x1e1 ..\obj\syscalls.o
 .debug_line    0x0000325c      0x3eb ..\obj\console.o
 .debug_line    0x00003647      0x337 ..\obj\interface.o
 .debug_line    0x0000397e      0x520 ..\obj\sheppard.o

.debug_str      0x00000000     0x319c
 .debug_str     0x00000000      0xd2f ..\obj\stm32f10x_tim.o
                                0xdea (size before relaxing)
 .debug_str     0x00000d2f       0xc2 ..\obj\startup_stm32f10x_md_vl.o
                                0x15e (size before relaxing)
 .debug_str     0x00000df1      0x187 ..\obj\core_cm3.o
                                0x2d1 (size before relaxing)
 .debug_str     0x00000f78      0x155 ..\obj\system_stm32f10x.o
                                0x2ce (size before relaxing)
 .debug_str     0x000010cd      0x663 ..\obj\uart.o
                                0x872 (size before relaxing)
 .debug_str     0x00001730      0x25b ..\obj\stm32f10x_gpio.o
                                0x52a (size before relaxing)
 .debug_str     0x0000198b      0x27c ..\obj\stm32f10x_dac.o
                                0x439 (size before relaxing)
 .debug_str     0x00001c07      0x181 ..\obj\main.o
                                0x7fa (size before relaxing)
 .debug_str     0x00001d88      0x3dc ..\obj\stm32f10x_rcc.o
                                0x667 (size before relaxing)
 .debug_str     0x00002164      0x527 ..\obj\stm32f10x_adc.o
                                0x70c (size before relaxing)
 .debug_str     0x0000268b      0x33c ..\obj\stm32f10x_usart.o
                                0x6ca (size before relaxing)
 .debug_str     0x000029c7      0x19a ..\obj\fifo.o
                                0x394 (size before relaxing)
 .debug_str     0x00002b61      0x1b1 ..\obj\syscalls.o
                                0x339 (size before relaxing)
 .debug_str     0x00002d12      0x264 ..\obj\console.o
                                0x5a7 (size before relaxing)
 .debug_str     0x00002f76       0xe2 ..\obj\interface.o
                                0x6d7 (size before relaxing)
 .debug_str     0x00003058      0x144 ..\obj\sheppard.o
                                0xb62 (size before relaxing)

.comment        0x00000000       0x6e
 .comment       0x00000000       0x6e ..\obj\stm32f10x_tim.o
                                 0x6f (size before relaxing)
 .comment       0x0000006e       0x6f ..\obj\startup_stm32f10x_md_vl.o
 .comment       0x0000006e       0x6f ..\obj\core_cm3.o
 .comment       0x0000006e       0x6f ..\obj\system_stm32f10x.o
 .comment       0x0000006e       0x6f ..\obj\uart.o
 .comment       0x0000006e       0x6f ..\obj\stm32f10x_gpio.o
 .comment       0x0000006e       0x6f ..\obj\stm32f10x_dac.o
 .comment       0x0000006e       0x6f ..\obj\main.o
 .comment       0x0000006e       0x6f ..\obj\stm32f10x_rcc.o
 .comment       0x0000006e       0x6f ..\obj\stm32f10x_adc.o
 .comment       0x0000006e       0x6f ..\obj\stm32f10x_usart.o
 .comment       0x0000006e       0x6f ..\obj\fifo.o
 .comment       0x0000006e       0x6f ..\obj\syscalls.o
 .comment       0x0000006e       0x6f ..\obj\console.o
 .comment       0x0000006e       0x6f ..\obj\interface.o
 .comment       0x0000006e       0x6f ..\obj\sheppard.o

.ARM.attributes
                0x00000000       0x31
 .ARM.attributes
                0x00000000       0x33 ..\obj\stm32f10x_tim.o
 .ARM.attributes
                0x00000033       0x33 ..\obj\startup_stm32f10x_md_vl.o
 .ARM.attributes
                0x00000066       0x33 ..\obj\core_cm3.o
 .ARM.attributes
                0x00000099       0x33 ..\obj\system_stm32f10x.o
 .ARM.attributes
                0x000000cc       0x33 ..\obj\uart.o
 .ARM.attributes
                0x000000ff       0x33 ..\obj\stm32f10x_gpio.o
 .ARM.attributes
                0x00000132       0x33 ..\obj\stm32f10x_dac.o
 .ARM.attributes
                0x00000165       0x33 ..\obj\main.o
 .ARM.attributes
                0x00000198       0x33 ..\obj\stm32f10x_rcc.o
 .ARM.attributes
                0x000001cb       0x33 ..\obj\stm32f10x_adc.o
 .ARM.attributes
                0x000001fe       0x33 ..\obj\stm32f10x_usart.o
 .ARM.attributes
                0x00000231       0x33 ..\obj\fifo.o
 .ARM.attributes
                0x00000264       0x33 ..\obj\syscalls.o
 .ARM.attributes
                0x00000297       0x33 ..\obj\console.o
 .ARM.attributes
                0x000002ca       0x33 ..\obj\interface.o
 .ARM.attributes
                0x000002fd       0x33 ..\obj\sheppard.o
 .ARM.attributes
                0x00000330       0x2d c:/program files (x86)/gnu tools arm embedded/5.4 2016q3/bin/../lib/gcc/arm-none-eabi/5.4.1/../../../../arm-none-eabi/lib/armv7-m\libm.a(lib_a-w_exp.o)
 .ARM.attributes
                0x0000035d       0x2d c:/program files (x86)/gnu tools arm embedded/5.4 2016q3/bin/../lib/gcc/arm-none-eabi/5.4.1/../../../../arm-none-eabi/lib/armv7-m\libm.a(lib_a-e_exp.o)
 .ARM.attributes
                0x0000038a       0x2d c:/program files (x86)/gnu tools arm embedded/5.4 2016q3/bin/../lib/gcc/arm-none-eabi/5.4.1/../../../../arm-none-eabi/lib/armv7-m\libm.a(lib_a-s_finite.o)
 .ARM.attributes
                0x000003b7       0x2d c:/program files (x86)/gnu tools arm embedded/5.4 2016q3/bin/../lib/gcc/arm-none-eabi/5.4.1/../../../../arm-none-eabi/lib/armv7-m\libm.a(lib_a-s_lib_ver.o)
 .ARM.attributes
                0x000003e4       0x2d c:/program files (x86)/gnu tools arm embedded/5.4 2016q3/bin/../lib/gcc/arm-none-eabi/5.4.1/../../../../arm-none-eabi/lib/armv7-m\libm.a(lib_a-s_matherr.o)
 .ARM.attributes
                0x00000411       0x1d c:/program files (x86)/gnu tools arm embedded/5.4 2016q3/bin/../lib/gcc/arm-none-eabi/5.4.1/armv7-m\libgcc.a(_arm_addsubdf3.o)
 .ARM.attributes
                0x0000042e       0x1d c:/program files (x86)/gnu tools arm embedded/5.4 2016q3/bin/../lib/gcc/arm-none-eabi/5.4.1/armv7-m\libgcc.a(_arm_muldivdf3.o)
 .ARM.attributes
                0x0000044b       0x1d c:/program files (x86)/gnu tools arm embedded/5.4 2016q3/bin/../lib/gcc/arm-none-eabi/5.4.1/armv7-m\libgcc.a(_arm_cmpdf2.o)
 .ARM.attributes
                0x00000468       0x1d c:/program files (x86)/gnu tools arm embedded/5.4 2016q3/bin/../lib/gcc/arm-none-eabi/5.4.1/armv7-m\libgcc.a(_arm_fixdfsi.o)
 .ARM.attributes
                0x00000485       0x1d c:/program files (x86)/gnu tools arm embedded/5.4 2016q3/bin/../lib/gcc/arm-none-eabi/5.4.1/armv7-m\libgcc.a(_arm_fixunsdfsi.o)
 .ARM.attributes
                0x000004a2       0x2d c:/program files (x86)/gnu tools arm embedded/5.4 2016q3/bin/../lib/gcc/arm-none-eabi/5.4.1/../../../../arm-none-eabi/lib/armv7-m\libg.a(lib_a-errno.o)
 .ARM.attributes
                0x000004cf       0x2d c:/program files (x86)/gnu tools arm embedded/5.4 2016q3/bin/../lib/gcc/arm-none-eabi/5.4.1/../../../../arm-none-eabi/lib/armv7-m\libg.a(lib_a-impure.o)
 .ARM.attributes
                0x000004fc       0x2d c:/program files (x86)/gnu tools arm embedded/5.4 2016q3/bin/../lib/gcc/arm-none-eabi/5.4.1/../../../../arm-none-eabi/lib/armv7-m\libg.a(lib_a-malloc.o)
 .ARM.attributes
                0x00000529       0x2d c:/program files (x86)/gnu tools arm embedded/5.4 2016q3/bin/../lib/gcc/arm-none-eabi/5.4.1/../../../../arm-none-eabi/lib/armv7-m\libg.a(lib_a-mallocr.o)
 .ARM.attributes
                0x00000556       0x2d c:/program files (x86)/gnu tools arm embedded/5.4 2016q3/bin/../lib/gcc/arm-none-eabi/5.4.1/../../../../arm-none-eabi/lib/armv7-m\libg.a(lib_a-mlock.o)
 .ARM.attributes
                0x00000583       0x2d c:/program files (x86)/gnu tools arm embedded/5.4 2016q3/bin/../lib/gcc/arm-none-eabi/5.4.1/../../../../arm-none-eabi/lib/armv7-m\libg.a(lib_a-sbrkr.o)
 .ARM.attributes
                0x000005b0       0x2d c:/program files (x86)/gnu tools arm embedded/5.4 2016q3/bin/../lib/gcc/arm-none-eabi/5.4.1/../../../../arm-none-eabi/lib/armv7-m\libg.a(lib_a-freer.o)
 .ARM.attributes
                0x000005dd       0x2d c:/program files (x86)/gnu tools arm embedded/5.4 2016q3/bin/../lib/gcc/arm-none-eabi/5.4.1/../../../../arm-none-eabi/lib/armv7-m\libg.a(lib_a-reent.o)

.debug_frame    0x00000000     0x1aa8
 .debug_frame   0x00000000      0x6b4 ..\obj\stm32f10x_tim.o
 .debug_frame   0x000006b4       0x3c ..\obj\startup_stm32f10x_md_vl.o
 .debug_frame   0x000006f0      0x170 ..\obj\core_cm3.o
 .debug_frame   0x00000860       0x44 ..\obj\system_stm32f10x.o
 .debug_frame   0x000008a4       0x68 ..\obj\uart.o
 .debug_frame   0x0000090c      0x170 ..\obj\stm32f10x_gpio.o
 .debug_frame   0x00000a7c      0x150 ..\obj\stm32f10x_dac.o
 .debug_frame   0x00000bcc       0x64 ..\obj\main.o
 .debug_frame   0x00000c30      0x230 ..\obj\stm32f10x_rcc.o
 .debug_frame   0x00000e60      0x290 ..\obj\stm32f10x_adc.o
 .debug_frame   0x000010f0      0x224 ..\obj\stm32f10x_usart.o
 .debug_frame   0x00001314      0x204 ..\obj\fifo.o
 .debug_frame   0x00001518       0xa0 ..\obj\syscalls.o
 .debug_frame   0x000015b8       0xd0 ..\obj\console.o
 .debug_frame   0x00001688       0x88 ..\obj\interface.o
 .debug_frame   0x00001710       0xf4 ..\obj\sheppard.o
 .debug_frame   0x00001804       0x44 c:/program files (x86)/gnu tools arm embedded/5.4 2016q3/bin/../lib/gcc/arm-none-eabi/5.4.1/../../../../arm-none-eabi/lib/armv7-m\libm.a(lib_a-w_exp.o)
 .debug_frame   0x00001848       0x54 c:/program files (x86)/gnu tools arm embedded/5.4 2016q3/bin/../lib/gcc/arm-none-eabi/5.4.1/../../../../arm-none-eabi/lib/armv7-m\libm.a(lib_a-e_exp.o)
 .debug_frame   0x0000189c       0x20 c:/program files (x86)/gnu tools arm embedded/5.4 2016q3/bin/../lib/gcc/arm-none-eabi/5.4.1/../../../../arm-none-eabi/lib/armv7-m\libm.a(lib_a-s_finite.o)
 .debug_frame   0x000018bc       0x20 c:/program files (x86)/gnu tools arm embedded/5.4 2016q3/bin/../lib/gcc/arm-none-eabi/5.4.1/../../../../arm-none-eabi/lib/armv7-m\libm.a(lib_a-s_matherr.o)
 .debug_frame   0x000018dc       0x20 c:/program files (x86)/gnu tools arm embedded/5.4 2016q3/bin/../lib/gcc/arm-none-eabi/5.4.1/../../../../arm-none-eabi/lib/armv7-m\libg.a(lib_a-errno.o)
 .debug_frame   0x000018fc       0x30 c:/program files (x86)/gnu tools arm embedded/5.4 2016q3/bin/../lib/gcc/arm-none-eabi/5.4.1/../../../../arm-none-eabi/lib/armv7-m\libg.a(lib_a-malloc.o)
 .debug_frame   0x0000192c       0x54 c:/program files (x86)/gnu tools arm embedded/5.4 2016q3/bin/../lib/gcc/arm-none-eabi/5.4.1/../../../../arm-none-eabi/lib/armv7-m\libg.a(lib_a-mallocr.o)
 .debug_frame   0x00001980       0x30 c:/program files (x86)/gnu tools arm embedded/5.4 2016q3/bin/../lib/gcc/arm-none-eabi/5.4.1/../../../../arm-none-eabi/lib/armv7-m\libg.a(lib_a-mlock.o)
 .debug_frame   0x000019b0       0x2c c:/program files (x86)/gnu tools arm embedded/5.4 2016q3/bin/../lib/gcc/arm-none-eabi/5.4.1/../../../../arm-none-eabi/lib/armv7-m\libg.a(lib_a-sbrkr.o)
 .debug_frame   0x000019dc       0x74 c:/program files (x86)/gnu tools arm embedded/5.4 2016q3/bin/../lib/gcc/arm-none-eabi/5.4.1/../../../../arm-none-eabi/lib/armv7-m\libg.a(lib_a-freer.o)
 .debug_frame   0x00001a50       0x58 c:/program files (x86)/gnu tools arm embedded/5.4 2016q3/bin/../lib/gcc/arm-none-eabi/5.4.1/../../../../arm-none-eabi/lib/armv7-m\libg.a(lib_a-reent.o)
