Archive member included because of file (symbol)

e:/program files/arm-none-eabi-gcc-4_6/bin/../lib/gcc/arm-none-eabi/4.6.2/../../../../arm-none-eabi/lib/armv7-m\libm.a(lib_a-w_exp.o)
                              ..\obj\sheppard.o (exp)
e:/program files/arm-none-eabi-gcc-4_6/bin/../lib/gcc/arm-none-eabi/4.6.2/../../../../arm-none-eabi/lib/armv7-m\libm.a(lib_a-e_exp.o)
                              e:/program files/arm-none-eabi-gcc-4_6/bin/../lib/gcc/arm-none-eabi/4.6.2/../../../../arm-none-eabi/lib/armv7-m\libm.a(lib_a-w_exp.o) (__ieee754_exp)
e:/program files/arm-none-eabi-gcc-4_6/bin/../lib/gcc/arm-none-eabi/4.6.2/../../../../arm-none-eabi/lib/armv7-m\libm.a(lib_a-s_finite.o)
                              e:/program files/arm-none-eabi-gcc-4_6/bin/../lib/gcc/arm-none-eabi/4.6.2/../../../../arm-none-eabi/lib/armv7-m\libm.a(lib_a-w_exp.o) (finite)
e:/program files/arm-none-eabi-gcc-4_6/bin/../lib/gcc/arm-none-eabi/4.6.2/../../../../arm-none-eabi/lib/armv7-m\libm.a(lib_a-s_lib_ver.o)
                              e:/program files/arm-none-eabi-gcc-4_6/bin/../lib/gcc/arm-none-eabi/4.6.2/../../../../arm-none-eabi/lib/armv7-m\libm.a(lib_a-w_exp.o) (__fdlib_version)
e:/program files/arm-none-eabi-gcc-4_6/bin/../lib/gcc/arm-none-eabi/4.6.2/../../../../arm-none-eabi/lib/armv7-m\libm.a(lib_a-s_matherr.o)
                              e:/program files/arm-none-eabi-gcc-4_6/bin/../lib/gcc/arm-none-eabi/4.6.2/../../../../arm-none-eabi/lib/armv7-m\libm.a(lib_a-w_exp.o) (matherr)
e:/program files/arm-none-eabi-gcc-4_6/bin/../lib/gcc/arm-none-eabi/4.6.2/armv7-m\libgcc.a(_arm_addsubdf3.o)
                              e:/program files/arm-none-eabi-gcc-4_6/bin/../lib/gcc/arm-none-eabi/4.6.2/../../../../arm-none-eabi/lib/armv7-m\libm.a(lib_a-e_exp.o) (__aeabi_dsub)
e:/program files/arm-none-eabi-gcc-4_6/bin/../lib/gcc/arm-none-eabi/4.6.2/armv7-m\libgcc.a(_arm_muldivdf3.o)
                              ..\obj\main.o (__aeabi_dmul)
e:/program files/arm-none-eabi-gcc-4_6/bin/../lib/gcc/arm-none-eabi/4.6.2/armv7-m\libgcc.a(_arm_cmpdf2.o)
                              e:/program files/arm-none-eabi-gcc-4_6/bin/../lib/gcc/arm-none-eabi/4.6.2/../../../../arm-none-eabi/lib/armv7-m\libm.a(lib_a-w_exp.o) (__aeabi_dcmplt)
e:/program files/arm-none-eabi-gcc-4_6/bin/../lib/gcc/arm-none-eabi/4.6.2/armv7-m\libgcc.a(_arm_fixdfsi.o)
                              e:/program files/arm-none-eabi-gcc-4_6/bin/../lib/gcc/arm-none-eabi/4.6.2/../../../../arm-none-eabi/lib/armv7-m\libm.a(lib_a-e_exp.o) (__aeabi_d2iz)
e:/program files/arm-none-eabi-gcc-4_6/bin/../lib/gcc/arm-none-eabi/4.6.2/armv7-m\libgcc.a(_arm_fixunsdfsi.o)
                              ..\obj\main.o (__aeabi_d2uiz)
e:/program files/arm-none-eabi-gcc-4_6/bin/../lib/gcc/arm-none-eabi/4.6.2/../../../../arm-none-eabi/lib/armv7-m\libg.a(lib_a-atoi.o)
                              ..\obj\console.o (atoi)
e:/program files/arm-none-eabi-gcc-4_6/bin/../lib/gcc/arm-none-eabi/4.6.2/../../../../arm-none-eabi/lib/armv7-m\libg.a(lib_a-errno.o)
                              e:/program files/arm-none-eabi-gcc-4_6/bin/../lib/gcc/arm-none-eabi/4.6.2/../../../../arm-none-eabi/lib/armv7-m\libm.a(lib_a-w_exp.o) (__errno)
e:/program files/arm-none-eabi-gcc-4_6/bin/../lib/gcc/arm-none-eabi/4.6.2/../../../../arm-none-eabi/lib/armv7-m\libg.a(lib_a-impure.o)
                              e:/program files/arm-none-eabi-gcc-4_6/bin/../lib/gcc/arm-none-eabi/4.6.2/../../../../arm-none-eabi/lib/armv7-m\libg.a(lib_a-errno.o) (_impure_ptr)
e:/program files/arm-none-eabi-gcc-4_6/bin/../lib/gcc/arm-none-eabi/4.6.2/../../../../arm-none-eabi/lib/armv7-m\libg.a(lib_a-malloc.o)
                              ..\obj\fifo.o (malloc)
e:/program files/arm-none-eabi-gcc-4_6/bin/../lib/gcc/arm-none-eabi/4.6.2/../../../../arm-none-eabi/lib/armv7-m\libg.a(lib_a-mallocr.o)
                              e:/program files/arm-none-eabi-gcc-4_6/bin/../lib/gcc/arm-none-eabi/4.6.2/../../../../arm-none-eabi/lib/armv7-m\libg.a(lib_a-malloc.o) (_malloc_r)
e:/program files/arm-none-eabi-gcc-4_6/bin/../lib/gcc/arm-none-eabi/4.6.2/../../../../arm-none-eabi/lib/armv7-m\libg.a(lib_a-memcpy.o)
                              ..\obj\fifo.o (memcpy)
e:/program files/arm-none-eabi-gcc-4_6/bin/../lib/gcc/arm-none-eabi/4.6.2/../../../../arm-none-eabi/lib/armv7-m\libg.a(lib_a-memset.o)
                              ..\obj\misc.o (memset)
e:/program files/arm-none-eabi-gcc-4_6/bin/../lib/gcc/arm-none-eabi/4.6.2/../../../../arm-none-eabi/lib/armv7-m\libg.a(lib_a-mlock.o)
                              e:/program files/arm-none-eabi-gcc-4_6/bin/../lib/gcc/arm-none-eabi/4.6.2/../../../../arm-none-eabi/lib/armv7-m\libg.a(lib_a-mallocr.o) (__malloc_lock)
e:/program files/arm-none-eabi-gcc-4_6/bin/../lib/gcc/arm-none-eabi/4.6.2/../../../../arm-none-eabi/lib/armv7-m\libg.a(lib_a-sbrkr.o)
                              e:/program files/arm-none-eabi-gcc-4_6/bin/../lib/gcc/arm-none-eabi/4.6.2/../../../../arm-none-eabi/lib/armv7-m\libg.a(lib_a-mallocr.o) (_sbrk_r)
e:/program files/arm-none-eabi-gcc-4_6/bin/../lib/gcc/arm-none-eabi/4.6.2/../../../../arm-none-eabi/lib/armv7-m\libg.a(lib_a-strlen.o)
                              ..\obj\fifo.o (strlen)
e:/program files/arm-none-eabi-gcc-4_6/bin/../lib/gcc/arm-none-eabi/4.6.2/../../../../arm-none-eabi/lib/armv7-m\libg.a(lib_a-strtol.o)
                              e:/program files/arm-none-eabi-gcc-4_6/bin/../lib/gcc/arm-none-eabi/4.6.2/../../../../arm-none-eabi/lib/armv7-m\libg.a(lib_a-atoi.o) (_strtol_r)
e:/program files/arm-none-eabi-gcc-4_6/bin/../lib/gcc/arm-none-eabi/4.6.2/../../../../arm-none-eabi/lib/armv7-m\libg.a(lib_a-ctype_.o)
                              e:/program files/arm-none-eabi-gcc-4_6/bin/../lib/gcc/arm-none-eabi/4.6.2/../../../../arm-none-eabi/lib/armv7-m\libg.a(lib_a-strtol.o) (__ctype_ptr__)
e:/program files/arm-none-eabi-gcc-4_6/bin/../lib/gcc/arm-none-eabi/4.6.2/../../../../arm-none-eabi/lib/armv7-m\libg.a(lib_a-freer.o)
                              e:/program files/arm-none-eabi-gcc-4_6/bin/../lib/gcc/arm-none-eabi/4.6.2/../../../../arm-none-eabi/lib/armv7-m\libg.a(lib_a-malloc.o) (_free_r)
e:/program files/arm-none-eabi-gcc-4_6/bin/../lib/gcc/arm-none-eabi/4.6.2/../../../../arm-none-eabi/lib/armv7-m\libg.a(lib_a-reent.o)
                              e:/program files/arm-none-eabi-gcc-4_6/bin/../lib/gcc/arm-none-eabi/4.6.2/../../../../arm-none-eabi/lib/armv7-m\libg.a(lib_a-sbrkr.o) (errno)

Allocating common symbols
Common symbol       size              file

errno               0x4               e:/program files/arm-none-eabi-gcc-4_6/bin/../lib/gcc/arm-none-eabi/4.6.2/../../../../arm-none-eabi/lib/armv7-m\libg.a(lib_a-reent.o)
interface_update_window
                    0x1               ..\obj\interface.o
width_pot           0x8               ..\obj\interface.o
speed_pot           0x8               ..\obj\interface.o
console_fifo_tx     0x24              ..\obj\console.o
center_pot          0x8               ..\obj\interface.o
interface_update_speed
                    0x1               ..\obj\interface.o
uart1_fifo_tx       0x24              ..\obj\uart.o

Discarded input sections

 .text          0x00000000        0x0 ..\obj\stm32f10x_tim.o
 .data          0x00000000        0x0 ..\obj\stm32f10x_tim.o
 .bss           0x00000000        0x0 ..\obj\stm32f10x_tim.o
 .text.TI1_Config
                0x00000000       0x68 ..\obj\stm32f10x_tim.o
 .text.TI2_Config
                0x00000000       0x78 ..\obj\stm32f10x_tim.o
 .text.TIM_DeInit
                0x00000000      0x1ac ..\obj\stm32f10x_tim.o
 .text.TIM_OC1Init
                0x00000000       0x88 ..\obj\stm32f10x_tim.o
 .text.TIM_OC2Init
                0x00000000       0x88 ..\obj\stm32f10x_tim.o
 .text.TIM_OC3Init
                0x00000000       0x84 ..\obj\stm32f10x_tim.o
 .text.TIM_OC4Init
                0x00000000       0x68 ..\obj\stm32f10x_tim.o
 .text.TIM_BDTRConfig
                0x00000000       0x22 ..\obj\stm32f10x_tim.o
 .text.TIM_OCStructInit
                0x00000000       0x14 ..\obj\stm32f10x_tim.o
 .text.TIM_ICStructInit
                0x00000000       0x10 ..\obj\stm32f10x_tim.o
 .text.TIM_BDTRStructInit
                0x00000000       0x12 ..\obj\stm32f10x_tim.o
 .text.TIM_CtrlPWMOutputs
                0x00000000       0x1c ..\obj\stm32f10x_tim.o
 .text.TIM_GenerateEvent
                0x00000000        0x4 ..\obj\stm32f10x_tim.o
 .text.TIM_DMAConfig
                0x00000000        0x8 ..\obj\stm32f10x_tim.o
 .text.TIM_DMACmd
                0x00000000       0x12 ..\obj\stm32f10x_tim.o
 .text.TIM_InternalClockConfig
                0x00000000        0xe ..\obj\stm32f10x_tim.o
 .text.TIM_ITRxExternalClockConfig
                0x00000000       0x1a ..\obj\stm32f10x_tim.o
 .text.TIM_TIxExternalClockConfig
                0x00000000       0x32 ..\obj\stm32f10x_tim.o
 .text.TIM_ETRConfig
                0x00000000       0x14 ..\obj\stm32f10x_tim.o
 .text.TIM_ETRClockMode2Config
                0x00000000       0x14 ..\obj\stm32f10x_tim.o
 .text.TIM_ETRClockMode1Config
                0x00000000       0x1a ..\obj\stm32f10x_tim.o
 .text.TIM_PrescalerConfig
                0x00000000        0x6 ..\obj\stm32f10x_tim.o
 .text.TIM_CounterModeConfig
                0x00000000       0x10 ..\obj\stm32f10x_tim.o
 .text.TIM_SelectInputTrigger
                0x00000000       0x10 ..\obj\stm32f10x_tim.o
 .text.TIM_EncoderInterfaceConfig
                0x00000000       0x3c ..\obj\stm32f10x_tim.o
 .text.TIM_ForcedOC1Config
                0x00000000       0x10 ..\obj\stm32f10x_tim.o
 .text.TIM_ForcedOC2Config
                0x00000000       0x14 ..\obj\stm32f10x_tim.o
 .text.TIM_ForcedOC3Config
                0x00000000       0x10 ..\obj\stm32f10x_tim.o
 .text.TIM_ForcedOC4Config
                0x00000000       0x14 ..\obj\stm32f10x_tim.o
 .text.TIM_ARRPreloadConfig
                0x00000000       0x18 ..\obj\stm32f10x_tim.o
 .text.TIM_SelectCOM
                0x00000000       0x18 ..\obj\stm32f10x_tim.o
 .text.TIM_SelectCCDMA
                0x00000000       0x18 ..\obj\stm32f10x_tim.o
 .text.TIM_CCPreloadControl
                0x00000000       0x18 ..\obj\stm32f10x_tim.o
 .text.TIM_OC1PreloadConfig
                0x00000000       0x10 ..\obj\stm32f10x_tim.o
 .text.TIM_OC2PreloadConfig
                0x00000000       0x14 ..\obj\stm32f10x_tim.o
 .text.TIM_OC3PreloadConfig
                0x00000000       0x10 ..\obj\stm32f10x_tim.o
 .text.TIM_OC4PreloadConfig
                0x00000000       0x14 ..\obj\stm32f10x_tim.o
 .text.TIM_OC1FastConfig
                0x00000000       0x10 ..\obj\stm32f10x_tim.o
 .text.TIM_OC2FastConfig
                0x00000000       0x14 ..\obj\stm32f10x_tim.o
 .text.TIM_OC3FastConfig
                0x00000000       0x10 ..\obj\stm32f10x_tim.o
 .text.TIM_OC4FastConfig
                0x00000000       0x14 ..\obj\stm32f10x_tim.o
 .text.TIM_ClearOC1Ref
                0x00000000       0x10 ..\obj\stm32f10x_tim.o
 .text.TIM_ClearOC2Ref
                0x00000000       0x10 ..\obj\stm32f10x_tim.o
 .text.TIM_ClearOC3Ref
                0x00000000       0x10 ..\obj\stm32f10x_tim.o
 .text.TIM_ClearOC4Ref
                0x00000000       0x10 ..\obj\stm32f10x_tim.o
 .text.TIM_OC1PolarityConfig
                0x00000000       0x10 ..\obj\stm32f10x_tim.o
 .text.TIM_OC1NPolarityConfig
                0x00000000       0x10 ..\obj\stm32f10x_tim.o
 .text.TIM_OC2PolarityConfig
                0x00000000       0x14 ..\obj\stm32f10x_tim.o
 .text.TIM_OC2NPolarityConfig
                0x00000000       0x14 ..\obj\stm32f10x_tim.o
 .text.TIM_OC3PolarityConfig
                0x00000000       0x14 ..\obj\stm32f10x_tim.o
 .text.TIM_OC3NPolarityConfig
                0x00000000       0x14 ..\obj\stm32f10x_tim.o
 .text.TIM_OC4PolarityConfig
                0x00000000       0x14 ..\obj\stm32f10x_tim.o
 .text.TIM_CCxCmd
                0x00000000       0x1e ..\obj\stm32f10x_tim.o
 .text.TIM_CCxNCmd
                0x00000000       0x1e ..\obj\stm32f10x_tim.o
 .text.TIM_SelectOCxM
                0x00000000       0x42 ..\obj\stm32f10x_tim.o
 .text.TIM_UpdateDisableConfig
                0x00000000       0x18 ..\obj\stm32f10x_tim.o
 .text.TIM_UpdateRequestConfig
                0x00000000       0x18 ..\obj\stm32f10x_tim.o
 .text.TIM_SelectHallSensor
                0x00000000       0x18 ..\obj\stm32f10x_tim.o
 .text.TIM_SelectOnePulseMode
                0x00000000       0x16 ..\obj\stm32f10x_tim.o
 .text.TIM_SelectSlaveMode
                0x00000000       0x16 ..\obj\stm32f10x_tim.o
 .text.TIM_SelectMasterSlaveMode
                0x00000000       0x16 ..\obj\stm32f10x_tim.o
 .text.TIM_SetCounter
                0x00000000        0x4 ..\obj\stm32f10x_tim.o
 .text.TIM_SetAutoreload
                0x00000000        0x4 ..\obj\stm32f10x_tim.o
 .text.TIM_SetCompare1
                0x00000000        0x4 ..\obj\stm32f10x_tim.o
 .text.TIM_SetCompare2
                0x00000000        0x4 ..\obj\stm32f10x_tim.o
 .text.TIM_SetCompare3
                0x00000000        0x4 ..\obj\stm32f10x_tim.o
 .text.TIM_SetCompare4
                0x00000000        0x6 ..\obj\stm32f10x_tim.o
 .text.TIM_SetIC1Prescaler
                0x00000000       0x16 ..\obj\stm32f10x_tim.o
 .text.TIM_SetIC2Prescaler
                0x00000000       0x1a ..\obj\stm32f10x_tim.o
 .text.TIM_PWMIConfig
                0x00000000       0x6c ..\obj\stm32f10x_tim.o
 .text.TIM_SetIC3Prescaler
                0x00000000       0x16 ..\obj\stm32f10x_tim.o
 .text.TIM_SetIC4Prescaler
                0x00000000       0x1a ..\obj\stm32f10x_tim.o
 .text.TIM_ICInit
                0x00000000      0x134 ..\obj\stm32f10x_tim.o
 .text.TIM_SetClockDivision
                0x00000000       0x16 ..\obj\stm32f10x_tim.o
 .text.TIM_GetCapture1
                0x00000000        0x6 ..\obj\stm32f10x_tim.o
 .text.TIM_GetCapture2
                0x00000000        0x6 ..\obj\stm32f10x_tim.o
 .text.TIM_GetCapture3
                0x00000000        0x6 ..\obj\stm32f10x_tim.o
 .text.TIM_GetCapture4
                0x00000000        0x8 ..\obj\stm32f10x_tim.o
 .text.TIM_GetCounter
                0x00000000        0x6 ..\obj\stm32f10x_tim.o
 .text.TIM_GetPrescaler
                0x00000000        0x6 ..\obj\stm32f10x_tim.o
 .text.TIM_GetFlagStatus
                0x00000000        0xc ..\obj\stm32f10x_tim.o
 .text.TIM_ClearFlag
                0x00000000        0x8 ..\obj\stm32f10x_tim.o
 .text.TIM_GetITStatus
                0x00000000       0x16 ..\obj\stm32f10x_tim.o
 .text          0x00000000        0x0 ..\obj\startup_stm32f10x_md_vl.o
 .data          0x00000000        0x0 ..\obj\startup_stm32f10x_md_vl.o
 .bss           0x00000000        0x0 ..\obj\startup_stm32f10x_md_vl.o
 .text          0x00000000        0x0 ..\obj\core_cm3.o
 .data          0x00000000        0x0 ..\obj\core_cm3.o
 .bss           0x00000000        0x0 ..\obj\core_cm3.o
 .text.__get_PSP
                0x00000000        0x8 ..\obj\core_cm3.o
 .text.__set_PSP
                0x00000000        0x6 ..\obj\core_cm3.o
 .text.__get_MSP
                0x00000000        0x8 ..\obj\core_cm3.o
 .text.__set_MSP
                0x00000000        0x6 ..\obj\core_cm3.o
 .text.__get_BASEPRI
                0x00000000        0x6 ..\obj\core_cm3.o
 .text.__set_BASEPRI
                0x00000000        0x6 ..\obj\core_cm3.o
 .text.__get_FAULTMASK
                0x00000000        0x6 ..\obj\core_cm3.o
 .text.__set_FAULTMASK
                0x00000000        0x6 ..\obj\core_cm3.o
 .text.__get_CONTROL
                0x00000000        0x6 ..\obj\core_cm3.o
 .text.__set_CONTROL
                0x00000000        0x6 ..\obj\core_cm3.o
 .text.__REV    0x00000000        0x4 ..\obj\core_cm3.o
 .text.__REV16  0x00000000        0x4 ..\obj\core_cm3.o
 .text.__REVSH  0x00000000        0x4 ..\obj\core_cm3.o
 .text.__RBIT   0x00000000        0x6 ..\obj\core_cm3.o
 .text.__LDREXB
                0x00000000        0x8 ..\obj\core_cm3.o
 .text.__LDREXH
                0x00000000        0x8 ..\obj\core_cm3.o
 .text.__LDREXW
                0x00000000        0x6 ..\obj\core_cm3.o
 .text.__STREXB
                0x00000000        0x6 ..\obj\core_cm3.o
 .text.__STREXH
                0x00000000        0x6 ..\obj\core_cm3.o
 .text.__STREXW
                0x00000000        0x6 ..\obj\core_cm3.o
 .text          0x00000000        0x0 ..\obj\atomic.o
 .data          0x00000000        0x0 ..\obj\atomic.o
 .bss           0x00000000        0x0 ..\obj\atomic.o
 .text          0x00000000        0x0 ..\obj\system_stm32f10x.o
 .bss           0x00000000        0x0 ..\obj\system_stm32f10x.o
 .text.SystemCoreClockUpdate
                0x00000000       0x64 ..\obj\system_stm32f10x.o
 .text          0x00000000        0x0 ..\obj\uart.o
 .data          0x00000000        0x0 ..\obj\uart.o
 .text          0x00000000        0x0 ..\obj\stm32f10x_gpio.o
 .data          0x00000000        0x0 ..\obj\stm32f10x_gpio.o
 .bss           0x00000000        0x0 ..\obj\stm32f10x_gpio.o
 .text.GPIO_DeInit
                0x00000000       0xac ..\obj\stm32f10x_gpio.o
 .text.GPIO_AFIODeInit
                0x00000000       0x16 ..\obj\stm32f10x_gpio.o
 .text.GPIO_StructInit
                0x00000000       0x10 ..\obj\stm32f10x_gpio.o
 .text.GPIO_ReadInputDataBit
                0x00000000        0xc ..\obj\stm32f10x_gpio.o
 .text.GPIO_ReadOutputDataBit
                0x00000000        0xc ..\obj\stm32f10x_gpio.o
 .text.GPIO_ReadOutputData
                0x00000000        0x6 ..\obj\stm32f10x_gpio.o
 .text.GPIO_WriteBit
                0x00000000        0xa ..\obj\stm32f10x_gpio.o
 .text.GPIO_Write
                0x00000000        0x4 ..\obj\stm32f10x_gpio.o
 .text.GPIO_PinLockConfig
                0x00000000       0x10 ..\obj\stm32f10x_gpio.o
 .text.GPIO_EventOutputConfig
                0x00000000       0x1c ..\obj\stm32f10x_gpio.o
 .text.GPIO_EventOutputCmd
                0x00000000        0xc ..\obj\stm32f10x_gpio.o
 .text.GPIO_PinRemapConfig
                0x00000000       0x64 ..\obj\stm32f10x_gpio.o
 .text.GPIO_EXTILineConfig
                0x00000000       0x34 ..\obj\stm32f10x_gpio.o
 .text.GPIO_ETH_MediaInterfaceConfig
                0x00000000        0xc ..\obj\stm32f10x_gpio.o
 .text          0x00000000        0x0 ..\obj\stm32f10x_dac.o
 .data          0x00000000        0x0 ..\obj\stm32f10x_dac.o
 .bss           0x00000000        0x0 ..\obj\stm32f10x_dac.o
 .text.DAC_DeInit
                0x00000000       0x1a ..\obj\stm32f10x_dac.o
 .text.DAC_ITConfig
                0x00000000       0x1c ..\obj\stm32f10x_dac.o
 .text.DAC_DMACmd
                0x00000000       0x20 ..\obj\stm32f10x_dac.o
 .text.DAC_SoftwareTriggerCmd
                0x00000000       0x24 ..\obj\stm32f10x_dac.o
 .text.DAC_DualSoftwareTriggerCmd
                0x00000000       0x18 ..\obj\stm32f10x_dac.o
 .text.DAC_WaveGenerationCmd
                0x00000000       0x1c ..\obj\stm32f10x_dac.o
 .text.DAC_SetChannel1Data
                0x00000000       0x20 ..\obj\stm32f10x_dac.o
 .text.DAC_SetChannel2Data
                0x00000000       0x20 ..\obj\stm32f10x_dac.o
 .text.DAC_SetDualChannelData
                0x00000000       0x18 ..\obj\stm32f10x_dac.o
 .text.DAC_GetDataOutputValue
                0x00000000       0x24 ..\obj\stm32f10x_dac.o
 .text.DAC_GetFlagStatus
                0x00000000       0x18 ..\obj\stm32f10x_dac.o
 .text.DAC_ClearFlag
                0x00000000       0x10 ..\obj\stm32f10x_dac.o
 .text.DAC_GetITStatus
                0x00000000       0x1c ..\obj\stm32f10x_dac.o
 .text.DAC_ClearITPendingBit
                0x00000000       0x10 ..\obj\stm32f10x_dac.o
 .text          0x00000000        0x0 ..\obj\main.o
 .data          0x00000000        0x0 ..\obj\main.o
 .text          0x00000000        0x0 ..\obj\stm32f10x_rcc.o
 .bss           0x00000000        0x0 ..\obj\stm32f10x_rcc.o
 .text.RCC_DeInit
                0x00000000       0x44 ..\obj\stm32f10x_rcc.o
 .text.RCC_HSEConfig
                0x00000000       0x38 ..\obj\stm32f10x_rcc.o
 .text.RCC_AdjustHSICalibrationValue
                0x00000000       0x14 ..\obj\stm32f10x_rcc.o
 .text.RCC_HSICmd
                0x00000000        0xc ..\obj\stm32f10x_rcc.o
 .text.RCC_PLLConfig
                0x00000000       0x14 ..\obj\stm32f10x_rcc.o
 .text.RCC_PLLCmd
                0x00000000        0xc ..\obj\stm32f10x_rcc.o
 .text.RCC_PREDIV1Config
                0x00000000       0x18 ..\obj\stm32f10x_rcc.o
 .text.RCC_SYSCLKConfig
                0x00000000       0x14 ..\obj\stm32f10x_rcc.o
 .text.RCC_GetSYSCLKSource
                0x00000000       0x10 ..\obj\stm32f10x_rcc.o
 .text.RCC_HCLKConfig
                0x00000000       0x14 ..\obj\stm32f10x_rcc.o
 .text.RCC_PCLK1Config
                0x00000000       0x14 ..\obj\stm32f10x_rcc.o
 .text.RCC_PCLK2Config
                0x00000000       0x14 ..\obj\stm32f10x_rcc.o
 .text.RCC_ITConfig
                0x00000000       0x18 ..\obj\stm32f10x_rcc.o
 .text.RCC_USBCLKConfig
                0x00000000        0xc ..\obj\stm32f10x_rcc.o
 .text.RCC_LSEConfig
                0x00000000       0x20 ..\obj\stm32f10x_rcc.o
 .text.RCC_LSICmd
                0x00000000        0xc ..\obj\stm32f10x_rcc.o
 .text.RCC_RTCCLKConfig
                0x00000000       0x10 ..\obj\stm32f10x_rcc.o
 .text.RCC_RTCCLKCmd
                0x00000000        0xc ..\obj\stm32f10x_rcc.o
 .text.RCC_AHBPeriphClockCmd
                0x00000000       0x18 ..\obj\stm32f10x_rcc.o
 .text.RCC_APB2PeriphResetCmd
                0x00000000       0x18 ..\obj\stm32f10x_rcc.o
 .text.RCC_APB1PeriphResetCmd
                0x00000000       0x18 ..\obj\stm32f10x_rcc.o
 .text.RCC_BackupResetCmd
                0x00000000        0xc ..\obj\stm32f10x_rcc.o
 .text.RCC_ClockSecuritySystemCmd
                0x00000000        0xc ..\obj\stm32f10x_rcc.o
 .text.RCC_MCOConfig
                0x00000000        0xc ..\obj\stm32f10x_rcc.o
 .text.RCC_GetFlagStatus
                0x00000000       0x28 ..\obj\stm32f10x_rcc.o
 .text.RCC_WaitForHSEStartUp
                0x00000000       0x2c ..\obj\stm32f10x_rcc.o
 .text.RCC_ClearFlag
                0x00000000       0x10 ..\obj\stm32f10x_rcc.o
 .text.RCC_GetITStatus
                0x00000000       0x14 ..\obj\stm32f10x_rcc.o
 .text.RCC_ClearITPendingBit
                0x00000000        0xc ..\obj\stm32f10x_rcc.o
 .text          0x00000000        0x0 ..\obj\stm32f10x_adc.o
 .data          0x00000000        0x0 ..\obj\stm32f10x_adc.o
 .bss           0x00000000        0x0 ..\obj\stm32f10x_adc.o
 .text.ADC_DeInit
                0x00000000       0x5c ..\obj\stm32f10x_adc.o
 .text.ADC_StructInit
                0x00000000       0x12 ..\obj\stm32f10x_adc.o
 .text.ADC_DMACmd
                0x00000000       0x12 ..\obj\stm32f10x_adc.o
 .text.ADC_ITConfig
                0x00000000       0x12 ..\obj\stm32f10x_adc.o
 .text.ADC_GetSoftwareStartConvStatus
                0x00000000        0x8 ..\obj\stm32f10x_adc.o
 .text.ADC_DiscModeChannelCountConfig
                0x00000000       0x10 ..\obj\stm32f10x_adc.o
 .text.ADC_DiscModeCmd
                0x00000000       0x12 ..\obj\stm32f10x_adc.o
 .text.ADC_ExternalTrigConvCmd
                0x00000000       0x12 ..\obj\stm32f10x_adc.o
 .text.ADC_GetDualModeConversionValue
                0x00000000        0xc ..\obj\stm32f10x_adc.o
 .text.ADC_AutoInjectedConvCmd
                0x00000000       0x12 ..\obj\stm32f10x_adc.o
 .text.ADC_InjectedDiscModeCmd
                0x00000000       0x12 ..\obj\stm32f10x_adc.o
 .text.ADC_ExternalTrigInjectedConvConfig
                0x00000000        0xc ..\obj\stm32f10x_adc.o
 .text.ADC_ExternalTrigInjectedConvCmd
                0x00000000       0x12 ..\obj\stm32f10x_adc.o
 .text.ADC_SoftwareStartInjectedConvCmd
                0x00000000       0x12 ..\obj\stm32f10x_adc.o
 .text.ADC_GetSoftwareStartInjectedConvCmdStatus
                0x00000000        0x8 ..\obj\stm32f10x_adc.o
 .text.ADC_InjectedChannelConfig
                0x00000000       0x58 ..\obj\stm32f10x_adc.o
 .text.ADC_InjectedSequencerLengthConfig
                0x00000000       0x10 ..\obj\stm32f10x_adc.o
 .text.ADC_SetInjectedOffset
                0x00000000       0x16 ..\obj\stm32f10x_adc.o
 .text.ADC_GetInjectedConversionValue
                0x00000000       0x1a ..\obj\stm32f10x_adc.o
 .text.ADC_AnalogWatchdogCmd
                0x00000000       0x10 ..\obj\stm32f10x_adc.o
 .text.ADC_AnalogWatchdogThresholdsConfig
                0x00000000        0x6 ..\obj\stm32f10x_adc.o
 .text.ADC_AnalogWatchdogSingleChannelConfig
                0x00000000        0xc ..\obj\stm32f10x_adc.o
 .text.ADC_TempSensorVrefintCmd
                0x00000000       0x18 ..\obj\stm32f10x_adc.o
 .text.ADC_ClearFlag
                0x00000000        0x6 ..\obj\stm32f10x_adc.o
 .text.ADC_GetITStatus
                0x00000000       0x16 ..\obj\stm32f10x_adc.o
 .text.ADC_ClearITPendingBit
                0x00000000        0x8 ..\obj\stm32f10x_adc.o
 .text          0x00000000        0x0 ..\obj\stm32f10x_usart.o
 .data          0x00000000        0x0 ..\obj\stm32f10x_usart.o
 .bss           0x00000000        0x0 ..\obj\stm32f10x_usart.o
 .text.USART_DeInit
                0x00000000       0x98 ..\obj\stm32f10x_usart.o
 .text.USART_ClockInit
                0x00000000       0x22 ..\obj\stm32f10x_usart.o
 .text.USART_ClockStructInit
                0x00000000        0xc ..\obj\stm32f10x_usart.o
 .text.USART_DMACmd
                0x00000000       0x12 ..\obj\stm32f10x_usart.o
 .text.USART_SetAddress
                0x00000000       0x16 ..\obj\stm32f10x_usart.o
 .text.USART_WakeUpConfig
                0x00000000       0x16 ..\obj\stm32f10x_usart.o
 .text.USART_ReceiverWakeUpCmd
                0x00000000       0x18 ..\obj\stm32f10x_usart.o
 .text.USART_LINBreakDetectLengthConfig
                0x00000000       0x16 ..\obj\stm32f10x_usart.o
 .text.USART_LINCmd
                0x00000000       0x18 ..\obj\stm32f10x_usart.o
 .text.USART_SendBreak
                0x00000000        0xc ..\obj\stm32f10x_usart.o
 .text.USART_SetGuardTime
                0x00000000       0x12 ..\obj\stm32f10x_usart.o
 .text.USART_SetPrescaler
                0x00000000       0x12 ..\obj\stm32f10x_usart.o
 .text.USART_SmartCardCmd
                0x00000000       0x18 ..\obj\stm32f10x_usart.o
 .text.USART_SmartCardNACKCmd
                0x00000000       0x18 ..\obj\stm32f10x_usart.o
 .text.USART_HalfDuplexCmd
                0x00000000       0x18 ..\obj\stm32f10x_usart.o
 .text.USART_OverSampling8Cmd
                0x00000000       0x18 ..\obj\stm32f10x_usart.o
 .text.USART_OneBitMethodCmd
                0x00000000       0x18 ..\obj\stm32f10x_usart.o
 .text.USART_IrDAConfig
                0x00000000       0x16 ..\obj\stm32f10x_usart.o
 .text.USART_IrDACmd
                0x00000000       0x18 ..\obj\stm32f10x_usart.o
 .text.USART_ClearFlag
                0x00000000        0x8 ..\obj\stm32f10x_usart.o
 .text.USART_GetITStatus
                0x00000000       0x3e ..\obj\stm32f10x_usart.o
 .text.USART_ClearITPendingBit
                0x00000000        0xe ..\obj\stm32f10x_usart.o
 .text          0x00000000        0x0 ..\obj\fifo.o
 .data          0x00000000        0x0 ..\obj\fifo.o
 .bss           0x00000000        0x0 ..\obj\fifo.o
 .text.fifo_read_char
                0x00000000       0x50 ..\obj\fifo.o
 .text.fifo_read_string
                0x00000000       0x30 ..\obj\fifo.o
 .text.fifo_write_char
                0x00000000       0x58 ..\obj\fifo.o
 .text.fifo_read
                0x00000000       0xc8 ..\obj\fifo.o
 .text.fifo_read_long
                0x00000000        0xe ..\obj\fifo.o
 .text.fifo_read_int
                0x00000000        0xe ..\obj\fifo.o
 .text.fifo_preview
                0x00000000       0x50 ..\obj\fifo.o
 .text.fifo_write
                0x00000000       0xc8 ..\obj\fifo.o
 .text.fifo_write_string
                0x00000000       0x1a ..\obj\fifo.o
 .text.fifo_write_long
                0x00000000       0x12 ..\obj\fifo.o
 .text.fifo_write_int
                0x00000000       0x12 ..\obj\fifo.o
 .text.fifo_copy
                0x00000000       0x94 ..\obj\fifo.o
 .text          0x00000000        0x0 ..\obj\syscalls.o
 .data          0x00000000        0x0 ..\obj\syscalls.o
 .text.link     0x00000000        0x6 ..\obj\syscalls.o
 .text._close   0x00000000        0x6 ..\obj\syscalls.o
 .text._fstat   0x00000000        0xa ..\obj\syscalls.o
 .text._isatty  0x00000000        0x4 ..\obj\syscalls.o
 .text._lseek   0x00000000        0x4 ..\obj\syscalls.o
 .text._read    0x00000000        0x4 ..\obj\syscalls.o
 .text._write   0x00000000        0x4 ..\obj\syscalls.o
 .text.abort    0x00000000        0x2 ..\obj\syscalls.o
 .text          0x00000000        0x0 ..\obj\stm32f10x_flash.o
 .data          0x00000000        0x0 ..\obj\stm32f10x_flash.o
 .bss           0x00000000        0x0 ..\obj\stm32f10x_flash.o
 .text.FLASH_SetLatency
                0x00000000       0x14 ..\obj\stm32f10x_flash.o
 .text.FLASH_HalfCycleAccessCmd
                0x00000000       0x18 ..\obj\stm32f10x_flash.o
 .text.FLASH_PrefetchBufferCmd
                0x00000000       0x18 ..\obj\stm32f10x_flash.o
 .text.FLASH_Unlock
                0x00000000       0x18 ..\obj\stm32f10x_flash.o
 .text.FLASH_UnlockBank1
                0x00000000       0x18 ..\obj\stm32f10x_flash.o
 .text.FLASH_Lock
                0x00000000       0x10 ..\obj\stm32f10x_flash.o
 .text.FLASH_LockBank1
                0x00000000       0x10 ..\obj\stm32f10x_flash.o
 .text.FLASH_GetUserOptionByte
                0x00000000        0xc ..\obj\stm32f10x_flash.o
 .text.FLASH_GetWriteProtectionOptionByte
                0x00000000        0xc ..\obj\stm32f10x_flash.o
 .text.FLASH_GetReadOutProtectionStatus
                0x00000000       0x10 ..\obj\stm32f10x_flash.o
 .text.FLASH_GetPrefetchBufferStatus
                0x00000000       0x10 ..\obj\stm32f10x_flash.o
 .text.FLASH_ITConfig
                0x00000000       0x18 ..\obj\stm32f10x_flash.o
 .text.FLASH_GetFlagStatus
                0x00000000       0x20 ..\obj\stm32f10x_flash.o
 .text.FLASH_ClearFlag
                0x00000000        0xc ..\obj\stm32f10x_flash.o
 .text.FLASH_GetStatus
                0x00000000       0x28 ..\obj\stm32f10x_flash.o
 .text.FLASH_GetBank1Status
                0x00000000       0x28 ..\obj\stm32f10x_flash.o
 .text.FLASH_WaitForLastOperation
                0x00000000       0x24 ..\obj\stm32f10x_flash.o
 .text.FLASH_UserOptionByteConfig
                0x00000000       0x58 ..\obj\stm32f10x_flash.o
 .text.FLASH_ReadOutProtection
                0x00000000       0x8c ..\obj\stm32f10x_flash.o
 .text.FLASH_EnableWriteProtection
                0x00000000       0xa0 ..\obj\stm32f10x_flash.o
 .text.FLASH_ProgramOptionByteData
                0x00000000       0x48 ..\obj\stm32f10x_flash.o
 .text.FLASH_ProgramHalfWord
                0x00000000       0x38 ..\obj\stm32f10x_flash.o
 .text.FLASH_ProgramWord
                0x00000000       0x54 ..\obj\stm32f10x_flash.o
 .text.FLASH_EraseOptionBytes
                0x00000000       0x8c ..\obj\stm32f10x_flash.o
 .text.FLASH_EraseAllPages
                0x00000000       0x38 ..\obj\stm32f10x_flash.o
 .text.FLASH_ErasePage
                0x00000000       0x3c ..\obj\stm32f10x_flash.o
 .text.FLASH_WaitForLastBank1Operation
                0x00000000       0x24 ..\obj\stm32f10x_flash.o
 .text.FLASH_EraseAllBank1Pages
                0x00000000       0x38 ..\obj\stm32f10x_flash.o
 .text          0x00000000        0x0 ..\obj\misc.o
 .data          0x00000000        0x0 ..\obj\misc.o
 .bss           0x00000000        0x0 ..\obj\misc.o
 .text.hex2ascii
                0x00000000       0x58 ..\obj\misc.o
 .text.ascii_ulong
                0x00000000       0x86 ..\obj\misc.o
 .text.ascii_long
                0x00000000       0x2a ..\obj\misc.o
 .text          0x00000000        0x0 ..\obj\console.o
 .data          0x00000000        0x1 ..\obj\console.o
 .text.unlikely.__disable_irq
                0x00000000        0x4 ..\obj\console.o
 .text.unlikely.getkey.constprop.0
                0x00000000       0x70 ..\obj\console.o
 .text.unlikely.bootload
                0x00000000       0x60 ..\obj\console.o
 .text.getline.constprop.1
                0x00000000       0xd0 ..\obj\console.o
 .text.getint   0x00000000       0xa8 ..\obj\console.o
 .text.console_main
                0x00000000      0x1ec ..\obj\console.o
 .text.BootJump
                0x00000000       0x1a ..\obj\console.o
 .text.boot_jump
                0x00000000       0x10 ..\obj\console.o
 .rodata.str1.1
                0x00000000      0x151 ..\obj\console.o
 .text          0x00000000        0x0 ..\obj\interface.o
 .text          0x00000000        0x0 ..\obj\sheppard.o
 .data          0x00000000        0x0 e:/program files/arm-none-eabi-gcc-4_6/bin/../lib/gcc/arm-none-eabi/4.6.2/../../../../arm-none-eabi/lib/armv7-m\libm.a(lib_a-w_exp.o)
 .bss           0x00000000        0x0 e:/program files/arm-none-eabi-gcc-4_6/bin/../lib/gcc/arm-none-eabi/4.6.2/../../../../arm-none-eabi/lib/armv7-m\libm.a(lib_a-w_exp.o)
 .data          0x00000000        0x0 e:/program files/arm-none-eabi-gcc-4_6/bin/../lib/gcc/arm-none-eabi/4.6.2/../../../../arm-none-eabi/lib/armv7-m\libm.a(lib_a-e_exp.o)
 .bss           0x00000000        0x0 e:/program files/arm-none-eabi-gcc-4_6/bin/../lib/gcc/arm-none-eabi/4.6.2/../../../../arm-none-eabi/lib/armv7-m\libm.a(lib_a-e_exp.o)
 .data          0x00000000        0x0 e:/program files/arm-none-eabi-gcc-4_6/bin/../lib/gcc/arm-none-eabi/4.6.2/../../../../arm-none-eabi/lib/armv7-m\libm.a(lib_a-s_finite.o)
 .bss           0x00000000        0x0 e:/program files/arm-none-eabi-gcc-4_6/bin/../lib/gcc/arm-none-eabi/4.6.2/../../../../arm-none-eabi/lib/armv7-m\libm.a(lib_a-s_finite.o)
 .text          0x00000000        0x0 e:/program files/arm-none-eabi-gcc-4_6/bin/../lib/gcc/arm-none-eabi/4.6.2/../../../../arm-none-eabi/lib/armv7-m\libm.a(lib_a-s_lib_ver.o)
 .bss           0x00000000        0x0 e:/program files/arm-none-eabi-gcc-4_6/bin/../lib/gcc/arm-none-eabi/4.6.2/../../../../arm-none-eabi/lib/armv7-m\libm.a(lib_a-s_lib_ver.o)
 .data          0x00000000        0x0 e:/program files/arm-none-eabi-gcc-4_6/bin/../lib/gcc/arm-none-eabi/4.6.2/../../../../arm-none-eabi/lib/armv7-m\libm.a(lib_a-s_matherr.o)
 .bss           0x00000000        0x0 e:/program files/arm-none-eabi-gcc-4_6/bin/../lib/gcc/arm-none-eabi/4.6.2/../../../../arm-none-eabi/lib/armv7-m\libm.a(lib_a-s_matherr.o)
 .data          0x00000000        0x0 e:/program files/arm-none-eabi-gcc-4_6/bin/../lib/gcc/arm-none-eabi/4.6.2/armv7-m\libgcc.a(_arm_addsubdf3.o)
 .bss           0x00000000        0x0 e:/program files/arm-none-eabi-gcc-4_6/bin/../lib/gcc/arm-none-eabi/4.6.2/armv7-m\libgcc.a(_arm_addsubdf3.o)
 .data          0x00000000        0x0 e:/program files/arm-none-eabi-gcc-4_6/bin/../lib/gcc/arm-none-eabi/4.6.2/armv7-m\libgcc.a(_arm_muldivdf3.o)
 .bss           0x00000000        0x0 e:/program files/arm-none-eabi-gcc-4_6/bin/../lib/gcc/arm-none-eabi/4.6.2/armv7-m\libgcc.a(_arm_muldivdf3.o)
 .data          0x00000000        0x0 e:/program files/arm-none-eabi-gcc-4_6/bin/../lib/gcc/arm-none-eabi/4.6.2/armv7-m\libgcc.a(_arm_cmpdf2.o)
 .bss           0x00000000        0x0 e:/program files/arm-none-eabi-gcc-4_6/bin/../lib/gcc/arm-none-eabi/4.6.2/armv7-m\libgcc.a(_arm_cmpdf2.o)
 .data          0x00000000        0x0 e:/program files/arm-none-eabi-gcc-4_6/bin/../lib/gcc/arm-none-eabi/4.6.2/armv7-m\libgcc.a(_arm_fixdfsi.o)
 .bss           0x00000000        0x0 e:/program files/arm-none-eabi-gcc-4_6/bin/../lib/gcc/arm-none-eabi/4.6.2/armv7-m\libgcc.a(_arm_fixdfsi.o)
 .data          0x00000000        0x0 e:/program files/arm-none-eabi-gcc-4_6/bin/../lib/gcc/arm-none-eabi/4.6.2/armv7-m\libgcc.a(_arm_fixunsdfsi.o)
 .bss           0x00000000        0x0 e:/program files/arm-none-eabi-gcc-4_6/bin/../lib/gcc/arm-none-eabi/4.6.2/armv7-m\libgcc.a(_arm_fixunsdfsi.o)
 .text          0x00000000       0x10 e:/program files/arm-none-eabi-gcc-4_6/bin/../lib/gcc/arm-none-eabi/4.6.2/../../../../arm-none-eabi/lib/armv7-m\libg.a(lib_a-atoi.o)
 .data          0x00000000        0x0 e:/program files/arm-none-eabi-gcc-4_6/bin/../lib/gcc/arm-none-eabi/4.6.2/../../../../arm-none-eabi/lib/armv7-m\libg.a(lib_a-atoi.o)
 .bss           0x00000000        0x0 e:/program files/arm-none-eabi-gcc-4_6/bin/../lib/gcc/arm-none-eabi/4.6.2/../../../../arm-none-eabi/lib/armv7-m\libg.a(lib_a-atoi.o)
 .data          0x00000000        0x0 e:/program files/arm-none-eabi-gcc-4_6/bin/../lib/gcc/arm-none-eabi/4.6.2/../../../../arm-none-eabi/lib/armv7-m\libg.a(lib_a-errno.o)
 .bss           0x00000000        0x0 e:/program files/arm-none-eabi-gcc-4_6/bin/../lib/gcc/arm-none-eabi/4.6.2/../../../../arm-none-eabi/lib/armv7-m\libg.a(lib_a-errno.o)
 .text          0x00000000        0x0 e:/program files/arm-none-eabi-gcc-4_6/bin/../lib/gcc/arm-none-eabi/4.6.2/../../../../arm-none-eabi/lib/armv7-m\libg.a(lib_a-impure.o)
 .bss           0x00000000        0x0 e:/program files/arm-none-eabi-gcc-4_6/bin/../lib/gcc/arm-none-eabi/4.6.2/../../../../arm-none-eabi/lib/armv7-m\libg.a(lib_a-impure.o)
 .rodata        0x00000000        0x4 e:/program files/arm-none-eabi-gcc-4_6/bin/../lib/gcc/arm-none-eabi/4.6.2/../../../../arm-none-eabi/lib/armv7-m\libg.a(lib_a-impure.o)
 .data          0x00000000        0x0 e:/program files/arm-none-eabi-gcc-4_6/bin/../lib/gcc/arm-none-eabi/4.6.2/../../../../arm-none-eabi/lib/armv7-m\libg.a(lib_a-malloc.o)
 .bss           0x00000000        0x0 e:/program files/arm-none-eabi-gcc-4_6/bin/../lib/gcc/arm-none-eabi/4.6.2/../../../../arm-none-eabi/lib/armv7-m\libg.a(lib_a-malloc.o)
 .text          0x00000000       0x84 e:/program files/arm-none-eabi-gcc-4_6/bin/../lib/gcc/arm-none-eabi/4.6.2/../../../../arm-none-eabi/lib/armv7-m\libg.a(lib_a-memcpy.o)
 .data          0x00000000        0x0 e:/program files/arm-none-eabi-gcc-4_6/bin/../lib/gcc/arm-none-eabi/4.6.2/../../../../arm-none-eabi/lib/armv7-m\libg.a(lib_a-memcpy.o)
 .bss           0x00000000        0x0 e:/program files/arm-none-eabi-gcc-4_6/bin/../lib/gcc/arm-none-eabi/4.6.2/../../../../arm-none-eabi/lib/armv7-m\libg.a(lib_a-memcpy.o)
 .text          0x00000000       0x90 e:/program files/arm-none-eabi-gcc-4_6/bin/../lib/gcc/arm-none-eabi/4.6.2/../../../../arm-none-eabi/lib/armv7-m\libg.a(lib_a-memset.o)
 .data          0x00000000        0x0 e:/program files/arm-none-eabi-gcc-4_6/bin/../lib/gcc/arm-none-eabi/4.6.2/../../../../arm-none-eabi/lib/armv7-m\libg.a(lib_a-memset.o)
 .bss           0x00000000        0x0 e:/program files/arm-none-eabi-gcc-4_6/bin/../lib/gcc/arm-none-eabi/4.6.2/../../../../arm-none-eabi/lib/armv7-m\libg.a(lib_a-memset.o)
 .data          0x00000000        0x0 e:/program files/arm-none-eabi-gcc-4_6/bin/../lib/gcc/arm-none-eabi/4.6.2/../../../../arm-none-eabi/lib/armv7-m\libg.a(lib_a-mlock.o)
 .bss           0x00000000        0x0 e:/program files/arm-none-eabi-gcc-4_6/bin/../lib/gcc/arm-none-eabi/4.6.2/../../../../arm-none-eabi/lib/armv7-m\libg.a(lib_a-mlock.o)
 .data          0x00000000        0x0 e:/program files/arm-none-eabi-gcc-4_6/bin/../lib/gcc/arm-none-eabi/4.6.2/../../../../arm-none-eabi/lib/armv7-m\libg.a(lib_a-sbrkr.o)
 .bss           0x00000000        0x0 e:/program files/arm-none-eabi-gcc-4_6/bin/../lib/gcc/arm-none-eabi/4.6.2/../../../../arm-none-eabi/lib/armv7-m\libg.a(lib_a-sbrkr.o)
 .text          0x00000000       0x60 e:/program files/arm-none-eabi-gcc-4_6/bin/../lib/gcc/arm-none-eabi/4.6.2/../../../../arm-none-eabi/lib/armv7-m\libg.a(lib_a-strlen.o)
 .data          0x00000000        0x0 e:/program files/arm-none-eabi-gcc-4_6/bin/../lib/gcc/arm-none-eabi/4.6.2/../../../../arm-none-eabi/lib/armv7-m\libg.a(lib_a-strlen.o)
 .bss           0x00000000        0x0 e:/program files/arm-none-eabi-gcc-4_6/bin/../lib/gcc/arm-none-eabi/4.6.2/../../../../arm-none-eabi/lib/armv7-m\libg.a(lib_a-strlen.o)
 .text          0x00000000      0x13c e:/program files/arm-none-eabi-gcc-4_6/bin/../lib/gcc/arm-none-eabi/4.6.2/../../../../arm-none-eabi/lib/armv7-m\libg.a(lib_a-strtol.o)
 .data          0x00000000        0x0 e:/program files/arm-none-eabi-gcc-4_6/bin/../lib/gcc/arm-none-eabi/4.6.2/../../../../arm-none-eabi/lib/armv7-m\libg.a(lib_a-strtol.o)
 .bss           0x00000000        0x0 e:/program files/arm-none-eabi-gcc-4_6/bin/../lib/gcc/arm-none-eabi/4.6.2/../../../../arm-none-eabi/lib/armv7-m\libg.a(lib_a-strtol.o)
 .text          0x00000000        0x0 e:/program files/arm-none-eabi-gcc-4_6/bin/../lib/gcc/arm-none-eabi/4.6.2/../../../../arm-none-eabi/lib/armv7-m\libg.a(lib_a-ctype_.o)
 .data          0x00000000        0x4 e:/program files/arm-none-eabi-gcc-4_6/bin/../lib/gcc/arm-none-eabi/4.6.2/../../../../arm-none-eabi/lib/armv7-m\libg.a(lib_a-ctype_.o)
 .bss           0x00000000        0x0 e:/program files/arm-none-eabi-gcc-4_6/bin/../lib/gcc/arm-none-eabi/4.6.2/../../../../arm-none-eabi/lib/armv7-m\libg.a(lib_a-ctype_.o)
 .rodata        0x00000000      0x104 e:/program files/arm-none-eabi-gcc-4_6/bin/../lib/gcc/arm-none-eabi/4.6.2/../../../../arm-none-eabi/lib/armv7-m\libg.a(lib_a-ctype_.o)
 .data          0x00000000        0x0 e:/program files/arm-none-eabi-gcc-4_6/bin/../lib/gcc/arm-none-eabi/4.6.2/../../../../arm-none-eabi/lib/armv7-m\libg.a(lib_a-freer.o)
 .bss           0x00000000        0x0 e:/program files/arm-none-eabi-gcc-4_6/bin/../lib/gcc/arm-none-eabi/4.6.2/../../../../arm-none-eabi/lib/armv7-m\libg.a(lib_a-freer.o)
 .text          0x00000000       0xec e:/program files/arm-none-eabi-gcc-4_6/bin/../lib/gcc/arm-none-eabi/4.6.2/../../../../arm-none-eabi/lib/armv7-m\libg.a(lib_a-reent.o)
 .data          0x00000000        0x0 e:/program files/arm-none-eabi-gcc-4_6/bin/../lib/gcc/arm-none-eabi/4.6.2/../../../../arm-none-eabi/lib/armv7-m\libg.a(lib_a-reent.o)
 .bss           0x00000000        0x0 e:/program files/arm-none-eabi-gcc-4_6/bin/../lib/gcc/arm-none-eabi/4.6.2/../../../../arm-none-eabi/lib/armv7-m\libg.a(lib_a-reent.o)

Memory Configuration

Name             Origin             Length             Attributes
rom              0x08004000         0x0001b800         xr
rom1             0x0801f800         0x00000800         xr
ram              0x20000000         0x00002000         xrw
*default*        0x00000000         0xffffffff

Linker script and memory map

LOAD e:/program files/arm-none-eabi-gcc-4_6/bin/../lib/gcc/arm-none-eabi/4.6.2/armv7-m\libgcc.a
LOAD e:/program files/arm-none-eabi-gcc-4_6/bin/../lib/gcc/arm-none-eabi/4.6.2/../../../../arm-none-eabi/lib/armv7-m\libc.a
LOAD e:/program files/arm-none-eabi-gcc-4_6/bin/../lib/gcc/arm-none-eabi/4.6.2/../../../../arm-none-eabi/lib/armv7-m\libm.a
                0x20002000                _eram = 0x20002000

.text           0x08004000    0x14bf4
 *(.isr_vector .isr_vector.*)
 .isr_vector    0x08004000      0x124 ..\obj\startup_stm32f10x_md_vl.o
                0x08004000                g_pfnVectors
 *(.text .text.* .gnu.linkonce.t.*)
 .text.TIM_TimeBaseInit
                0x08004124       0x94 ..\obj\stm32f10x_tim.o
                0x08004124                TIM_TimeBaseInit
 .text.TIM_TimeBaseStructInit
                0x080041b8       0x12 ..\obj\stm32f10x_tim.o
                0x080041b8                TIM_TimeBaseStructInit
 .text.TIM_Cmd  0x080041ca       0x18 ..\obj\stm32f10x_tim.o
                0x080041ca                TIM_Cmd
 .text.TIM_ITConfig
                0x080041e2       0x12 ..\obj\stm32f10x_tim.o
                0x080041e2                TIM_ITConfig
 .text.TIM_SelectOutputTrigger
                0x080041f4       0x16 ..\obj\stm32f10x_tim.o
                0x080041f4                TIM_SelectOutputTrigger
 .text.TIM_ClearITPendingBit
                0x0800420a        0x8 ..\obj\stm32f10x_tim.o
                0x0800420a                TIM_ClearITPendingBit
 *fill*         0x08004212        0x2 00
 .text.Default_Reset_Handler
                0x08004214       0x48 ..\obj\startup_stm32f10x_md_vl.o
                0x08004214                Default_Reset_Handler
                0x08004214                Reset_Handler
 .text.Default_Handler
                0x0800425c        0x2 ..\obj\startup_stm32f10x_md_vl.o
                0x0800425c                EXTI2_IRQHandler
                0x0800425c                DebugMon_Handler
                0x0800425c                TIM1_CC_IRQHandler
                0x0800425c                HardFault_Handler
                0x0800425c                PVD_IRQHandler
                0x0800425c                PendSV_Handler
                0x0800425c                NMI_Handler
                0x0800425c                EXTI3_IRQHandler
                0x0800425c                EXTI0_IRQHandler
                0x0800425c                I2C2_EV_IRQHandler
                0x0800425c                TIM1_UP_TIM16_IRQHandler
                0x0800425c                UsageFault_Handler
                0x0800425c                SPI1_IRQHandler
                0x0800425c                TAMPER_IRQHandler
                0x0800425c                DMA1_Channel4_IRQHandler
                0x0800425c                ADC1_IRQHandler
                0x0800425c                USART3_IRQHandler
                0x0800425c                RTC_IRQHandler
                0x0800425c                DMA1_Channel7_IRQHandler
                0x0800425c                TIM4_IRQHandler
                0x0800425c                I2C1_EV_IRQHandler
                0x0800425c                DMA1_Channel6_IRQHandler
                0x0800425c                TIM3_IRQHandler
                0x0800425c                RCC_IRQHandler
                0x0800425c                DMA1_Channel1_IRQHandler
                0x0800425c                CEC_IRQHandler
                0x0800425c                EXTI15_10_IRQHandler
                0x0800425c                TIM7_IRQHandler
                0x0800425c                EXTI9_5_IRQHandler
                0x0800425c                SPI2_IRQHandler
                0x0800425c                MemManage_Handler
                0x0800425c                SVC_Handler
                0x0800425c                DMA1_Channel5_IRQHandler
                0x0800425c                EXTI4_IRQHandler
                0x0800425c                TIM1_TRG_COM_TIM17_IRQHandler
                0x0800425c                DMA1_Channel3_IRQHandler
                0x0800425c                WWDG_IRQHandler
                0x0800425c                TIM2_IRQHandler
                0x0800425c                EXTI1_IRQHandler
                0x0800425c                RTCAlarm_IRQHandler
                0x0800425c                USART2_IRQHandler
                0x0800425c                I2C2_ER_IRQHandler
                0x0800425c                DMA1_Channel2_IRQHandler
                0x0800425c                FLASH_IRQHandler
                0x0800425c                BusFault_Handler
                0x0800425c                I2C1_ER_IRQHandler
                0x0800425c                TIM1_BRK_TIM15_IRQHandler
 .text.__get_PRIMASK
                0x0800425e        0x6 ..\obj\core_cm3.o
                0x0800425e                __get_PRIMASK
 .text.__set_PRIMASK
                0x08004264        0x6 ..\obj\core_cm3.o
                0x08004264                __set_PRIMASK
 *fill*         0x0800426a        0x2 00
 .text.SystemInit
                0x0800426c       0xd4 ..\obj\system_stm32f10x.o
                0x0800426c                SystemInit
 .text.uart1_isrtx_enable
                0x08004340       0x10 ..\obj\uart.o
                0x08004340                uart1_isrtx_enable
 .text.USART1_IRQHandler
                0x08004350       0xd4 ..\obj\uart.o
                0x08004350                USART1_IRQHandler
 .text.uart1_init
                0x08004424       0xb0 ..\obj\uart.o
                0x08004424                uart1_init
 .text.GPIO_Init
                0x080044d4       0xaa ..\obj\stm32f10x_gpio.o
                0x080044d4                GPIO_Init
 .text.GPIO_ReadInputData
                0x0800457e        0x6 ..\obj\stm32f10x_gpio.o
                0x0800457e                GPIO_ReadInputData
 .text.GPIO_SetBits
                0x08004584        0x4 ..\obj\stm32f10x_gpio.o
                0x08004584                GPIO_SetBits
 .text.GPIO_ResetBits
                0x08004588        0x4 ..\obj\stm32f10x_gpio.o
                0x08004588                GPIO_ResetBits
 .text.DAC_Init
                0x0800458c       0x30 ..\obj\stm32f10x_dac.o
                0x0800458c                DAC_Init
 .text.DAC_StructInit
                0x080045bc        0xc ..\obj\stm32f10x_dac.o
                0x080045bc                DAC_StructInit
 .text.DAC_Cmd  0x080045c8       0x20 ..\obj\stm32f10x_dac.o
                0x080045c8                DAC_Cmd
 .text.main_fly
                0x080045e8        0xe ..\obj\main.o
                0x080045e8                main_fly
 *fill*         0x080045f6        0x2 00
 .text.SysTick_Handler
                0x080045f8       0x18 ..\obj\main.o
                0x080045f8                SysTick_Handler
 .text.startup.main
                0x08004610       0xd8 ..\obj\main.o
                0x08004610                main
 .text.RCC_ADCCLKConfig
                0x080046e8       0x14 ..\obj\stm32f10x_rcc.o
                0x080046e8                RCC_ADCCLKConfig
 .text.RCC_GetClocksFreq
                0x080046fc       0x8c ..\obj\stm32f10x_rcc.o
                0x080046fc                RCC_GetClocksFreq
 .text.RCC_APB2PeriphClockCmd
                0x08004788       0x18 ..\obj\stm32f10x_rcc.o
                0x08004788                RCC_APB2PeriphClockCmd
 .text.RCC_APB1PeriphClockCmd
                0x080047a0       0x18 ..\obj\stm32f10x_rcc.o
                0x080047a0                RCC_APB1PeriphClockCmd
 .text.ADC_Init
                0x080047b8       0x48 ..\obj\stm32f10x_adc.o
                0x080047b8                ADC_Init
 .text.ADC_Cmd  0x08004800       0x12 ..\obj\stm32f10x_adc.o
                0x08004800                ADC_Cmd
 .text.ADC_ResetCalibration
                0x08004812        0xa ..\obj\stm32f10x_adc.o
                0x08004812                ADC_ResetCalibration
 .text.ADC_GetResetCalibrationStatus
                0x0800481c        0x8 ..\obj\stm32f10x_adc.o
                0x0800481c                ADC_GetResetCalibrationStatus
 .text.ADC_StartCalibration
                0x08004824        0xa ..\obj\stm32f10x_adc.o
                0x08004824                ADC_StartCalibration
 .text.ADC_GetCalibrationStatus
                0x0800482e        0x8 ..\obj\stm32f10x_adc.o
                0x0800482e                ADC_GetCalibrationStatus
 .text.ADC_SoftwareStartConvCmd
                0x08004836       0x12 ..\obj\stm32f10x_adc.o
                0x08004836                ADC_SoftwareStartConvCmd
 .text.ADC_RegularChannelConfig
                0x08004848       0x8c ..\obj\stm32f10x_adc.o
                0x08004848                ADC_RegularChannelConfig
 .text.ADC_GetConversionValue
                0x080048d4        0x6 ..\obj\stm32f10x_adc.o
                0x080048d4                ADC_GetConversionValue
 .text.ADC_GetFlagStatus
                0x080048da        0xc ..\obj\stm32f10x_adc.o
                0x080048da                ADC_GetFlagStatus
 *fill*         0x080048e6        0x2 00
 .text.USART_Init
                0x080048e8       0xb0 ..\obj\stm32f10x_usart.o
                0x080048e8                USART_Init
 .text.USART_StructInit
                0x08004998       0x16 ..\obj\stm32f10x_usart.o
                0x08004998                USART_StructInit
 .text.USART_Cmd
                0x080049ae       0x18 ..\obj\stm32f10x_usart.o
                0x080049ae                USART_Cmd
 .text.USART_ITConfig
                0x080049c6       0x32 ..\obj\stm32f10x_usart.o
                0x080049c6                USART_ITConfig
 .text.USART_SendData
                0x080049f8        0x8 ..\obj\stm32f10x_usart.o
                0x080049f8                USART_SendData
 .text.USART_ReceiveData
                0x08004a00        0x8 ..\obj\stm32f10x_usart.o
                0x08004a00                USART_ReceiveData
 .text.USART_GetFlagStatus
                0x08004a08        0xc ..\obj\stm32f10x_usart.o
                0x08004a08                USART_GetFlagStatus
 .text.atomic_enter
                0x08004a14        0xa ..\obj\fifo.o
 .text.fifo_flush
                0x08004a1e       0x2a ..\obj\fifo.o
                0x08004a1e                fifo_flush
 .text.fifo_init
                0x08004a48       0x30 ..\obj\fifo.o
                0x08004a48                fifo_init
 .text._sbrk    0x08004a78       0x1c ..\obj\syscalls.o
                0x08004a78                _sbrk
 .text.console_timer
                0x08004a94       0x14 ..\obj\console.o
                0x08004a94                console_timer
 .text.console_init
                0x08004aa8       0x18 ..\obj\console.o
                0x08004aa8                console_init
 .text.interface_timer
                0x08004ac0       0x10 ..\obj\interface.o
                0x08004ac0                interface_timer
 .text.interface_init
                0x08004ad0       0xd4 ..\obj\interface.o
                0x08004ad0                interface_init
 .text.pot_process
                0x08004ba4       0x38 ..\obj\interface.o
                0x08004ba4                pot_process
 .text.interface_process
                0x08004bdc      0x1ec ..\obj\interface.o
                0x08004bdc                interface_process
 .text.sheppard_styleset
                0x08004dc8        0xc ..\obj\sheppard.o
                0x08004dc8                sheppard_styleset
 .text.sheppard_finalize
                0x08004dd4       0x34 ..\obj\sheppard.o
                0x08004dd4                sheppard_finalize
 .text.sheppard_enter
                0x08004e08        0xc ..\obj\sheppard.o
                0x08004e08                sheppard_enter
 .text.sheppard_exit
                0x08004e14        0xc ..\obj\sheppard.o
                0x08004e14                sheppard_exit
 .text.TIM6_DAC_IRQHandler
                0x08004e20      0x64c ..\obj\sheppard.o
                0x08004e20                TIM6_DAC_IRQHandler
 *fill*         0x0800546c        0x4 00
 .text.sheppard_envelopeset
                0x08005470       0xb8 ..\obj\sheppard.o
                0x08005470                sheppard_envelopeset
 .text.sheppard_speedset
                0x08005528       0x1c ..\obj\sheppard.o
                0x08005528                sheppard_speedset
 .text.sheppard_process
                0x08005544       0x84 ..\obj\sheppard.o
                0x08005544                sheppard_process
 .text.sheppard_init
                0x080055c8       0xf0 ..\obj\sheppard.o
                0x080055c8                sheppard_init
 .text          0x080056b8       0xf0 e:/program files/arm-none-eabi-gcc-4_6/bin/../lib/gcc/arm-none-eabi/4.6.2/../../../../arm-none-eabi/lib/armv7-m\libm.a(lib_a-w_exp.o)
                0x080056b8                exp
 .text          0x080057a8      0x320 e:/program files/arm-none-eabi-gcc-4_6/bin/../lib/gcc/arm-none-eabi/4.6.2/../../../../arm-none-eabi/lib/armv7-m\libm.a(lib_a-e_exp.o)
                0x080057a8                __ieee754_exp
 .text          0x08005ac8       0x10 e:/program files/arm-none-eabi-gcc-4_6/bin/../lib/gcc/arm-none-eabi/4.6.2/../../../../arm-none-eabi/lib/armv7-m\libm.a(lib_a-s_finite.o)
                0x08005ac8                finite
 .text          0x08005ad8        0x4 e:/program files/arm-none-eabi-gcc-4_6/bin/../lib/gcc/arm-none-eabi/4.6.2/../../../../arm-none-eabi/lib/armv7-m\libm.a(lib_a-s_matherr.o)
                0x08005ad8                matherr
 .text          0x08005adc      0x370 e:/program files/arm-none-eabi-gcc-4_6/bin/../lib/gcc/arm-none-eabi/4.6.2/armv7-m\libgcc.a(_arm_addsubdf3.o)
                0x08005adc                __aeabi_drsub
                0x08005ae4                __aeabi_dsub
                0x08005ae4                __subdf3
                0x08005ae8                __aeabi_dadd
                0x08005ae8                __adddf3
                0x08005d60                __floatunsidf
                0x08005d60                __aeabi_ui2d
                0x08005d80                __floatsidf
                0x08005d80                __aeabi_i2d
                0x08005da4                __aeabi_f2d
                0x08005da4                __extendsfdf2
                0x08005de0                __floatundidf
                0x08005de0                __aeabi_ul2d
                0x08005df0                __floatdidf
                0x08005df0                __aeabi_l2d
 .text          0x08005e4c      0x424 e:/program files/arm-none-eabi-gcc-4_6/bin/../lib/gcc/arm-none-eabi/4.6.2/armv7-m\libgcc.a(_arm_muldivdf3.o)
                0x08005e4c                __aeabi_dmul
                0x08005e4c                __muldf3
                0x080060a0                __divdf3
                0x080060a0                __aeabi_ddiv
 .text          0x08006270      0x110 e:/program files/arm-none-eabi-gcc-4_6/bin/../lib/gcc/arm-none-eabi/4.6.2/armv7-m\libgcc.a(_arm_cmpdf2.o)
                0x08006270                __gtdf2
                0x08006270                __gedf2
                0x08006278                __ltdf2
                0x08006278                __ledf2
                0x08006280                __nedf2
                0x08006280                __eqdf2
                0x08006280                __cmpdf2
                0x080062fc                __aeabi_cdrcmple
                0x0800630c                __aeabi_cdcmpeq
                0x0800630c                __aeabi_cdcmple
                0x0800631c                __aeabi_dcmpeq
                0x08006330                __aeabi_dcmplt
                0x08006344                __aeabi_dcmple
                0x08006358                __aeabi_dcmpge
                0x0800636c                __aeabi_dcmpgt
 .text          0x08006380       0x50 e:/program files/arm-none-eabi-gcc-4_6/bin/../lib/gcc/arm-none-eabi/4.6.2/armv7-m\libgcc.a(_arm_fixdfsi.o)
                0x08006380                __aeabi_d2iz
                0x08006380                __fixdfsi
 .text          0x080063d0       0x40 e:/program files/arm-none-eabi-gcc-4_6/bin/../lib/gcc/arm-none-eabi/4.6.2/armv7-m\libgcc.a(_arm_fixunsdfsi.o)
                0x080063d0                __aeabi_d2uiz
                0x080063d0                __fixunsdfsi
 .text          0x08006410        0xc e:/program files/arm-none-eabi-gcc-4_6/bin/../lib/gcc/arm-none-eabi/4.6.2/../../../../arm-none-eabi/lib/armv7-m\libg.a(lib_a-errno.o)
                0x08006410                __errno
 .text          0x0800641c       0x28 e:/program files/arm-none-eabi-gcc-4_6/bin/../lib/gcc/arm-none-eabi/4.6.2/../../../../arm-none-eabi/lib/armv7-m\libg.a(lib_a-malloc.o)
                0x0800641c                malloc
                0x08006430                free
 .text          0x08006444      0x51c e:/program files/arm-none-eabi-gcc-4_6/bin/../lib/gcc/arm-none-eabi/4.6.2/../../../../arm-none-eabi/lib/armv7-m\libg.a(lib_a-mallocr.o)
                0x08006444                _malloc_r
 .text          0x08006960        0x8 e:/program files/arm-none-eabi-gcc-4_6/bin/../lib/gcc/arm-none-eabi/4.6.2/../../../../arm-none-eabi/lib/armv7-m\libg.a(lib_a-mlock.o)
                0x08006960                __malloc_lock
                0x08006964                __malloc_unlock
 .text          0x08006968       0x24 e:/program files/arm-none-eabi-gcc-4_6/bin/../lib/gcc/arm-none-eabi/4.6.2/../../../../arm-none-eabi/lib/armv7-m\libg.a(lib_a-sbrkr.o)
                0x08006968                _sbrk_r
 .text          0x0800698c      0x22c e:/program files/arm-none-eabi-gcc-4_6/bin/../lib/gcc/arm-none-eabi/4.6.2/../../../../arm-none-eabi/lib/armv7-m\libg.a(lib_a-freer.o)
                0x0800698c                _malloc_trim_r
                0x08006a2c                _free_r
 *(.glue_7t)
 .glue_7t       0x00000000        0x0 linker stubs
 *(.glue_7)
 .glue_7        0x00000000        0x0 linker stubs
 *(.rodata .rodata* .gnu.linkonce.r.*)
 .rodata        0x08006bb8    0x12000 ..\obj\sheppard.o
 .rodata.str1.4
                0x08018bb8        0x4 e:/program files/arm-none-eabi-gcc-4_6/bin/../lib/gcc/arm-none-eabi/4.6.2/../../../../arm-none-eabi/lib/armv7-m\libm.a(lib_a-w_exp.o)
 *fill*         0x08018bbc        0x4 00
 .rodata        0x08018bc0       0x30 e:/program files/arm-none-eabi-gcc-4_6/bin/../lib/gcc/arm-none-eabi/4.6.2/../../../../arm-none-eabi/lib/armv7-m\libm.a(lib_a-e_exp.o)
 .rodata.str1.4
                0x08018bf0        0x4 e:/program files/arm-none-eabi-gcc-4_6/bin/../lib/gcc/arm-none-eabi/4.6.2/../../../../arm-none-eabi/lib/armv7-m\libg.a(lib_a-impure.o)

.vfp11_veneer   0x08018bf4        0x0
 .vfp11_veneer  0x00000000        0x0 linker stubs

.v4_bx          0x08018bf4        0x0
 .v4_bx         0x00000000        0x0 linker stubs

.ARM.extab
 *(.ARM.extab* .gnu.linkonce.armextab.*)
                0x08018bf4                __exidx_start = .

.ARM.exidx
 *(.ARM.exidx* .gnu.linkonce.armexidx.*)
                0x08018bf4                __exidx_end = .
                0x08018bf4                . = ALIGN (0x4)
                0x08018bf4                _etext = .
                0x08018bf4                _sidata = .

.data           0x20000000      0x890 load address 0x08018bf4
                0x20000000                _sdata = .
 *(.data .data.*)
 .data          0x20000000       0x14 ..\obj\system_stm32f10x.o
                0x20000000                SystemCoreClock
                0x20000004                AHBPrescTable
 .data          0x20000014       0x14 ..\obj\stm32f10x_rcc.o
 .data          0x20000028       0x10 ..\obj\interface.o
                0x20000028                interface_output
 .data          0x20000038       0x10 ..\obj\sheppard.o
                0x20000038                style
 .data          0x20000048        0x1 e:/program files/arm-none-eabi-gcc-4_6/bin/../lib/gcc/arm-none-eabi/4.6.2/../../../../arm-none-eabi/lib/armv7-m\libm.a(lib_a-s_lib_ver.o)
                0x20000048                __fdlib_version
 *fill*         0x20000049        0x7 00
 .data          0x20000050      0x430 e:/program files/arm-none-eabi-gcc-4_6/bin/../lib/gcc/arm-none-eabi/4.6.2/../../../../arm-none-eabi/lib/armv7-m\libg.a(lib_a-impure.o)
                0x20000050                _impure_ptr
 .data          0x20000480      0x410 e:/program files/arm-none-eabi-gcc-4_6/bin/../lib/gcc/arm-none-eabi/4.6.2/../../../../arm-none-eabi/lib/armv7-m\libg.a(lib_a-mallocr.o)
                0x20000480                __malloc_av_
                0x20000888                __malloc_sbrk_base
                0x2000088c                __malloc_trim_threshold
                0x20000890                . = ALIGN (0x4)
                0x20000890                _edata = .

.bss            0x20000890      0x564 load address 0x08019484
                0x20000890                _sbss = .
 *(.bss .bss.*)
 .bss           0x20000890        0x4 ..\obj\uart.o
                0x20000890                uart1_fifo_rx_ptr
 .bss           0x20000894        0x1 ..\obj\main.o
 *fill*         0x20000895        0x3 00
 .bss           0x20000898        0x4 ..\obj\syscalls.o
 .bss           0x2000089c       0x10 ..\obj\console.o
                0x200008a0                console_device
 .bss           0x200008ac        0xc ..\obj\interface.o
 .bss           0x200008b8      0x49c ..\obj\sheppard.o
 .bss           0x20000d54       0x34 e:/program files/arm-none-eabi-gcc-4_6/bin/../lib/gcc/arm-none-eabi/4.6.2/../../../../arm-none-eabi/lib/armv7-m\libg.a(lib_a-mallocr.o)
                0x20000d54                __malloc_top_pad
                0x20000d58                __malloc_current_mallinfo
                0x20000d80                __malloc_max_sbrked_mem
                0x20000d84                __malloc_max_total_mem
 *(COMMON)
 COMMON         0x20000d88       0x24 ..\obj\uart.o
                0x20000d88                uart1_fifo_tx
 COMMON         0x20000dac       0x24 ..\obj\console.o
                0x20000dac                console_fifo_tx
 COMMON         0x20000dd0       0x1d ..\obj\interface.o
                0x20000dd0                interface_update_window
                0x20000dd4                width_pot
                0x20000ddc                speed_pot
                0x20000de4                center_pot
                0x20000dec                interface_update_speed
 *fill*         0x20000ded        0x3 00
 COMMON         0x20000df0        0x4 e:/program files/arm-none-eabi-gcc-4_6/bin/../lib/gcc/arm-none-eabi/4.6.2/../../../../arm-none-eabi/lib/armv7-m\libg.a(lib_a-reent.o)
                0x20000df0                errno
                0x20000df4                . = ALIGN (0x4)
                0x20000df4                _ebss = .

.co_stack       0x20000df4      0x404 load address 0x080199e8
                0x20000df8                . = ALIGN (0x8)
 *fill*         0x20000df4        0x4 00
 *(.co_stack .co_stack.*)
 .co_stack      0x20000df8      0x400 ..\obj\startup_stm32f10x_md_vl.o
                0x20000df8                pulStack
                0x200011f8                . = ALIGN (0x4)
                0x200011f8                _end = .
LOAD ..\obj\stm32f10x_tim.o
LOAD ..\obj\startup_stm32f10x_md_vl.o
LOAD ..\obj\core_cm3.o
LOAD ..\obj\atomic.o
LOAD ..\obj\system_stm32f10x.o
LOAD ..\obj\uart.o
LOAD ..\obj\stm32f10x_gpio.o
LOAD ..\obj\stm32f10x_dac.o
LOAD ..\obj\main.o
LOAD ..\obj\stm32f10x_rcc.o
LOAD ..\obj\stm32f10x_adc.o
LOAD ..\obj\stm32f10x_usart.o
LOAD ..\obj\fifo.o
LOAD ..\obj\syscalls.o
LOAD ..\obj\stm32f10x_flash.o
LOAD ..\obj\misc.o
LOAD ..\obj\console.o
LOAD ..\obj\interface.o
LOAD ..\obj\sheppard.o
LOAD e:/program files/arm-none-eabi-gcc-4_6/bin/../lib/gcc/arm-none-eabi/4.6.2/../../../../arm-none-eabi/lib/armv7-m\libm.a
START GROUP
LOAD e:/program files/arm-none-eabi-gcc-4_6/bin/../lib/gcc/arm-none-eabi/4.6.2/armv7-m\libgcc.a
LOAD e:/program files/arm-none-eabi-gcc-4_6/bin/../lib/gcc/arm-none-eabi/4.6.2/../../../../arm-none-eabi/lib/armv7-m\libg.a
LOAD e:/program files/arm-none-eabi-gcc-4_6/bin/../lib/gcc/arm-none-eabi/4.6.2/../../../../arm-none-eabi/lib/armv7-m\libc.a
END GROUP
OUTPUT(Sheppard.elf elf32-littlearm)

.debug_info     0x00000000     0x9b07
 .debug_info    0x00000000     0x1ea9 ..\obj\stm32f10x_tim.o
 .debug_info    0x00001ea9      0x12e ..\obj\startup_stm32f10x_md_vl.o
 .debug_info    0x00001fd7      0x54b ..\obj\core_cm3.o
 .debug_info    0x00002522       0xa5 ..\obj\atomic.o
 .debug_info    0x000025c7      0x45d ..\obj\system_stm32f10x.o
 .debug_info    0x00002a24      0x9a2 ..\obj\uart.o
 .debug_info    0x000033c6      0x71b ..\obj\stm32f10x_gpio.o
 .debug_info    0x00003ae1      0x675 ..\obj\stm32f10x_dac.o
 .debug_info    0x00004156      0x82f ..\obj\main.o
 .debug_info    0x00004985      0x968 ..\obj\stm32f10x_rcc.o
 .debug_info    0x000052ed      0xbf7 ..\obj\stm32f10x_adc.o
 .debug_info    0x00005ee4      0xa54 ..\obj\stm32f10x_usart.o
 .debug_info    0x00006938      0x7dc ..\obj\fifo.o
 .debug_info    0x00007114      0x43a ..\obj\syscalls.o
 .debug_info    0x0000754e      0x856 ..\obj\stm32f10x_flash.o
 .debug_info    0x00007da4      0x25b ..\obj\misc.o
 .debug_info    0x00007fff      0x6ce ..\obj\console.o
 .debug_info    0x000086cd      0x621 ..\obj\interface.o
 .debug_info    0x00008cee      0xe19 ..\obj\sheppard.o

.debug_abbrev   0x00000000     0x1f1e
 .debug_abbrev  0x00000000      0x272 ..\obj\stm32f10x_tim.o
 .debug_abbrev  0x00000272       0xb0 ..\obj\startup_stm32f10x_md_vl.o
 .debug_abbrev  0x00000322       0xb4 ..\obj\core_cm3.o
 .debug_abbrev  0x000003d6       0x40 ..\obj\atomic.o
 .debug_abbrev  0x00000416      0x1a6 ..\obj\system_stm32f10x.o
 .debug_abbrev  0x000005bc      0x204 ..\obj\uart.o
 .debug_abbrev  0x000007c0      0x1d9 ..\obj\stm32f10x_gpio.o
 .debug_abbrev  0x00000999      0x1d7 ..\obj\stm32f10x_dac.o
 .debug_abbrev  0x00000b70      0x1f1 ..\obj\main.o
 .debug_abbrev  0x00000d61      0x1d0 ..\obj\stm32f10x_rcc.o
 .debug_abbrev  0x00000f31      0x1cf ..\obj\stm32f10x_adc.o
 .debug_abbrev  0x00001100      0x1b8 ..\obj\stm32f10x_usart.o
 .debug_abbrev  0x000012b8      0x20f ..\obj\fifo.o
 .debug_abbrev  0x000014c7       0xed ..\obj\syscalls.o
 .debug_abbrev  0x000015b4      0x1e3 ..\obj\stm32f10x_flash.o
 .debug_abbrev  0x00001797       0xb6 ..\obj\misc.o
 .debug_abbrev  0x0000184d      0x295 ..\obj\console.o
 .debug_abbrev  0x00001ae2      0x197 ..\obj\interface.o
 .debug_abbrev  0x00001c79      0x2a5 ..\obj\sheppard.o

.debug_loc      0x00000000     0x51b4
 .debug_loc     0x00000000     0x1489 ..\obj\stm32f10x_tim.o
 .debug_loc     0x00001489       0x33 ..\obj\startup_stm32f10x_md_vl.o
 .debug_loc     0x000014bc      0x2ae ..\obj\core_cm3.o
 .debug_loc     0x0000176a      0x13e ..\obj\system_stm32f10x.o
 .debug_loc     0x000018a8       0xf0 ..\obj\uart.o
 .debug_loc     0x00001998      0x457 ..\obj\stm32f10x_gpio.o
 .debug_loc     0x00001def      0x39c ..\obj\stm32f10x_dac.o
 .debug_loc     0x0000218b       0xa9 ..\obj\main.o
 .debug_loc     0x00002234      0x5c1 ..\obj\stm32f10x_rcc.o
 .debug_loc     0x000027f5      0x81e ..\obj\stm32f10x_adc.o
 .debug_loc     0x00003013      0x59a ..\obj\stm32f10x_usart.o
 .debug_loc     0x000035ad      0x95f ..\obj\fifo.o
 .debug_loc     0x00003f0c       0x98 ..\obj\syscalls.o
 .debug_loc     0x00003fa4      0x726 ..\obj\stm32f10x_flash.o
 .debug_loc     0x000046ca      0x299 ..\obj\misc.o
 .debug_loc     0x00004963      0x3e6 ..\obj\console.o
 .debug_loc     0x00004d49      0x16b ..\obj\interface.o
 .debug_loc     0x00004eb4      0x300 ..\obj\sheppard.o

.debug_aranges  0x00000000      0xc10
 .debug_aranges
                0x00000000      0x2e0 ..\obj\stm32f10x_tim.o
 .debug_aranges
                0x000002e0       0x28 ..\obj\startup_stm32f10x_md_vl.o
 .debug_aranges
                0x00000308       0xc8 ..\obj\core_cm3.o
 .debug_aranges
                0x000003d0       0x28 ..\obj\system_stm32f10x.o
 .debug_aranges
                0x000003f8       0x30 ..\obj\uart.o
 .debug_aranges
                0x00000428       0xa8 ..\obj\stm32f10x_gpio.o
 .debug_aranges
                0x000004d0       0xa0 ..\obj\stm32f10x_dac.o
 .debug_aranges
                0x00000570       0x30 ..\obj\main.o
 .debug_aranges
                0x000005a0      0x120 ..\obj\stm32f10x_rcc.o
 .debug_aranges
                0x000006c0      0x138 ..\obj\stm32f10x_adc.o
 .debug_aranges
                0x000007f8      0x100 ..\obj\stm32f10x_usart.o
 .debug_aranges
                0x000008f8       0x90 ..\obj\fifo.o
 .debug_aranges
                0x00000988       0x60 ..\obj\syscalls.o
 .debug_aranges
                0x000009e8       0xf8 ..\obj\stm32f10x_flash.o
 .debug_aranges
                0x00000ae0       0x30 ..\obj\misc.o
 .debug_aranges
                0x00000b10       0x68 ..\obj\console.o
 .debug_aranges
                0x00000b78       0x38 ..\obj\interface.o
 .debug_aranges
                0x00000bb0       0x60 ..\obj\sheppard.o

.debug_ranges   0x00000000      0xb98
 .debug_ranges  0x00000000      0x330 ..\obj\stm32f10x_tim.o
 .debug_ranges  0x00000330       0x18 ..\obj\startup_stm32f10x_md_vl.o
 .debug_ranges  0x00000348       0xb8 ..\obj\core_cm3.o
 .debug_ranges  0x00000400       0x18 ..\obj\system_stm32f10x.o
 .debug_ranges  0x00000418       0x20 ..\obj\uart.o
 .debug_ranges  0x00000438       0x98 ..\obj\stm32f10x_gpio.o
 .debug_ranges  0x000004d0       0x90 ..\obj\stm32f10x_dac.o
 .debug_ranges  0x00000560       0x38 ..\obj\main.o
 .debug_ranges  0x00000598      0x110 ..\obj\stm32f10x_rcc.o
 .debug_ranges  0x000006a8      0x128 ..\obj\stm32f10x_adc.o
 .debug_ranges  0x000007d0       0xf0 ..\obj\stm32f10x_usart.o
 .debug_ranges  0x000008c0       0xb0 ..\obj\fifo.o
 .debug_ranges  0x00000970       0x50 ..\obj\syscalls.o
 .debug_ranges  0x000009c0       0xe8 ..\obj\stm32f10x_flash.o
 .debug_ranges  0x00000aa8       0x20 ..\obj\misc.o
 .debug_ranges  0x00000ac8       0x58 ..\obj\console.o
 .debug_ranges  0x00000b20       0x28 ..\obj\interface.o
 .debug_ranges  0x00000b48       0x50 ..\obj\sheppard.o

.debug_line     0x00000000     0x424c
 .debug_line    0x00000000      0xaf5 ..\obj\stm32f10x_tim.o
 .debug_line    0x00000af5       0xad ..\obj\startup_stm32f10x_md_vl.o
 .debug_line    0x00000ba2      0x270 ..\obj\core_cm3.o
 .debug_line    0x00000e12       0x64 ..\obj\atomic.o
 .debug_line    0x00000e76      0x1f2 ..\obj\system_stm32f10x.o
 .debug_line    0x00001068      0x2ce ..\obj\uart.o
 .debug_line    0x00001336      0x3a0 ..\obj\stm32f10x_gpio.o
 .debug_line    0x000016d6      0x33c ..\obj\stm32f10x_dac.o
 .debug_line    0x00001a12      0x2aa ..\obj\main.o
 .debug_line    0x00001cbc      0x497 ..\obj\stm32f10x_rcc.o
 .debug_line    0x00002153      0x517 ..\obj\stm32f10x_adc.o
 .debug_line    0x0000266a      0x4c0 ..\obj\stm32f10x_usart.o
 .debug_line    0x00002b2a      0x41a ..\obj\fifo.o
 .debug_line    0x00002f44      0x18d ..\obj\syscalls.o
 .debug_line    0x000030d1      0x508 ..\obj\stm32f10x_flash.o
 .debug_line    0x000035d9      0x12f ..\obj\misc.o
 .debug_line    0x00003708      0x35c ..\obj\console.o
 .debug_line    0x00003a64      0x311 ..\obj\interface.o
 .debug_line    0x00003d75      0x4d7 ..\obj\sheppard.o

.debug_str      0x00000000     0x36f0
 .debug_str     0x00000000      0xce4 ..\obj\stm32f10x_tim.o
                                0xd85 (size before relaxing)
 .debug_str     0x00000ce4       0xc1 ..\obj\startup_stm32f10x_md_vl.o
                                0x129 (size before relaxing)
 .debug_str     0x00000da5      0x17d ..\obj\core_cm3.o
                                0x274 (size before relaxing)
 .debug_str     0x00000f22       0x55 ..\obj\atomic.o
                                0x13b (size before relaxing)
 .debug_str     0x00000f77      0x16a ..\obj\system_stm32f10x.o
                                0x27c (size before relaxing)
 .debug_str     0x000010e1      0x5c6 ..\obj\uart.o
                                0x78b (size before relaxing)
 .debug_str     0x000016a7      0x26f ..\obj\stm32f10x_gpio.o
                                0x4c1 (size before relaxing)
 .debug_str     0x00001916      0x2a1 ..\obj\stm32f10x_dac.o
                                0x3eb (size before relaxing)
 .debug_str     0x00001bb7      0x10b ..\obj\main.o
                                0x6f2 (size before relaxing)
 .debug_str     0x00001cc2      0x42b ..\obj\stm32f10x_rcc.o
                                0x615 (size before relaxing)
 .debug_str     0x000020ed      0x531 ..\obj\stm32f10x_adc.o
                                0x6a3 (size before relaxing)
 .debug_str     0x0000261e      0x3b0 ..\obj\stm32f10x_usart.o
                                0x638 (size before relaxing)
 .debug_str     0x000029ce      0x199 ..\obj\fifo.o
                                0x326 (size before relaxing)
 .debug_str     0x00002b67      0x19e ..\obj\syscalls.o
                                0x2a4 (size before relaxing)
 .debug_str     0x00002d05      0x433 ..\obj\stm32f10x_flash.o
                                0x590 (size before relaxing)
 .debug_str     0x00003138       0xc2 ..\obj\misc.o
                                0x1d3 (size before relaxing)
 .debug_str     0x000031fa      0x211 ..\obj\console.o
                                0x482 (size before relaxing)
 .debug_str     0x0000340b      0x11d ..\obj\interface.o
                                0x4fa (size before relaxing)
 .debug_str     0x00003528      0x1c8 ..\obj\sheppard.o
                                0xa14 (size before relaxing)

.comment        0x00000000       0x70
 .comment       0x00000000       0x70 ..\obj\stm32f10x_tim.o
                                 0x71 (size before relaxing)
 .comment       0x00000000       0x71 ..\obj\startup_stm32f10x_md_vl.o
 .comment       0x00000000       0x71 ..\obj\core_cm3.o
 .comment       0x00000000       0x71 ..\obj\atomic.o
 .comment       0x00000000       0x71 ..\obj\system_stm32f10x.o
 .comment       0x00000000       0x71 ..\obj\uart.o
 .comment       0x00000000       0x71 ..\obj\stm32f10x_gpio.o
 .comment       0x00000000       0x71 ..\obj\stm32f10x_dac.o
 .comment       0x00000000       0x71 ..\obj\main.o
 .comment       0x00000000       0x71 ..\obj\stm32f10x_rcc.o
 .comment       0x00000000       0x71 ..\obj\stm32f10x_adc.o
 .comment       0x00000000       0x71 ..\obj\stm32f10x_usart.o
 .comment       0x00000000       0x71 ..\obj\fifo.o
 .comment       0x00000000       0x71 ..\obj\syscalls.o
 .comment       0x00000000       0x71 ..\obj\stm32f10x_flash.o
 .comment       0x00000000       0x71 ..\obj\misc.o
 .comment       0x00000000       0x71 ..\obj\console.o
 .comment       0x00000000       0x71 ..\obj\interface.o
 .comment       0x00000000       0x71 ..\obj\sheppard.o

.ARM.attributes
                0x00000000       0x33
 .ARM.attributes
                0x00000000       0x33 ..\obj\stm32f10x_tim.o
 .ARM.attributes
                0x00000033       0x33 ..\obj\startup_stm32f10x_md_vl.o
 .ARM.attributes
                0x00000066       0x33 ..\obj\core_cm3.o
 .ARM.attributes
                0x00000099       0x33 ..\obj\atomic.o
 .ARM.attributes
                0x000000cc       0x33 ..\obj\system_stm32f10x.o
 .ARM.attributes
                0x000000ff       0x33 ..\obj\uart.o
 .ARM.attributes
                0x00000132       0x33 ..\obj\stm32f10x_gpio.o
 .ARM.attributes
                0x00000165       0x33 ..\obj\stm32f10x_dac.o
 .ARM.attributes
                0x00000198       0x33 ..\obj\main.o
 .ARM.attributes
                0x000001cb       0x33 ..\obj\stm32f10x_rcc.o
 .ARM.attributes
                0x000001fe       0x33 ..\obj\stm32f10x_adc.o
 .ARM.attributes
                0x00000231       0x33 ..\obj\stm32f10x_usart.o
 .ARM.attributes
                0x00000264       0x33 ..\obj\fifo.o
 .ARM.attributes
                0x00000297       0x33 ..\obj\syscalls.o
 .ARM.attributes
                0x000002ca       0x33 ..\obj\stm32f10x_flash.o
 .ARM.attributes
                0x000002fd       0x33 ..\obj\misc.o
 .ARM.attributes
                0x00000330       0x33 ..\obj\console.o
 .ARM.attributes
                0x00000363       0x33 ..\obj\interface.o
 .ARM.attributes
                0x00000396       0x33 ..\obj\sheppard.o
 .ARM.attributes
                0x000003c9       0x2d e:/program files/arm-none-eabi-gcc-4_6/bin/../lib/gcc/arm-none-eabi/4.6.2/../../../../arm-none-eabi/lib/armv7-m\libm.a(lib_a-w_exp.o)
 .ARM.attributes
                0x000003f6       0x2d e:/program files/arm-none-eabi-gcc-4_6/bin/../lib/gcc/arm-none-eabi/4.6.2/../../../../arm-none-eabi/lib/armv7-m\libm.a(lib_a-e_exp.o)
 .ARM.attributes
                0x00000423       0x2d e:/program files/arm-none-eabi-gcc-4_6/bin/../lib/gcc/arm-none-eabi/4.6.2/../../../../arm-none-eabi/lib/armv7-m\libm.a(lib_a-s_finite.o)
 .ARM.attributes
                0x00000450       0x2d e:/program files/arm-none-eabi-gcc-4_6/bin/../lib/gcc/arm-none-eabi/4.6.2/../../../../arm-none-eabi/lib/armv7-m\libm.a(lib_a-s_lib_ver.o)
 .ARM.attributes
                0x0000047d       0x2d e:/program files/arm-none-eabi-gcc-4_6/bin/../lib/gcc/arm-none-eabi/4.6.2/../../../../arm-none-eabi/lib/armv7-m\libm.a(lib_a-s_matherr.o)
 .ARM.attributes
                0x000004aa       0x1d e:/program files/arm-none-eabi-gcc-4_6/bin/../lib/gcc/arm-none-eabi/4.6.2/armv7-m\libgcc.a(_arm_addsubdf3.o)
 .ARM.attributes
                0x000004c7       0x1d e:/program files/arm-none-eabi-gcc-4_6/bin/../lib/gcc/arm-none-eabi/4.6.2/armv7-m\libgcc.a(_arm_muldivdf3.o)
 .ARM.attributes
                0x000004e4       0x1d e:/program files/arm-none-eabi-gcc-4_6/bin/../lib/gcc/arm-none-eabi/4.6.2/armv7-m\libgcc.a(_arm_cmpdf2.o)
 .ARM.attributes
                0x00000501       0x1d e:/program files/arm-none-eabi-gcc-4_6/bin/../lib/gcc/arm-none-eabi/4.6.2/armv7-m\libgcc.a(_arm_fixdfsi.o)
 .ARM.attributes
                0x0000051e       0x1d e:/program files/arm-none-eabi-gcc-4_6/bin/../lib/gcc/arm-none-eabi/4.6.2/armv7-m\libgcc.a(_arm_fixunsdfsi.o)
 .ARM.attributes
                0x0000053b       0x2d e:/program files/arm-none-eabi-gcc-4_6/bin/../lib/gcc/arm-none-eabi/4.6.2/../../../../arm-none-eabi/lib/armv7-m\libg.a(lib_a-atoi.o)
 .ARM.attributes
                0x00000568       0x2d e:/program files/arm-none-eabi-gcc-4_6/bin/../lib/gcc/arm-none-eabi/4.6.2/../../../../arm-none-eabi/lib/armv7-m\libg.a(lib_a-errno.o)
 .ARM.attributes
                0x00000595       0x2d e:/program files/arm-none-eabi-gcc-4_6/bin/../lib/gcc/arm-none-eabi/4.6.2/../../../../arm-none-eabi/lib/armv7-m\libg.a(lib_a-impure.o)
 .ARM.attributes
                0x000005c2       0x2d e:/program files/arm-none-eabi-gcc-4_6/bin/../lib/gcc/arm-none-eabi/4.6.2/../../../../arm-none-eabi/lib/armv7-m\libg.a(lib_a-malloc.o)
 .ARM.attributes
                0x000005ef       0x2d e:/program files/arm-none-eabi-gcc-4_6/bin/../lib/gcc/arm-none-eabi/4.6.2/../../../../arm-none-eabi/lib/armv7-m\libg.a(lib_a-mallocr.o)
 .ARM.attributes
                0x0000061c       0x2d e:/program files/arm-none-eabi-gcc-4_6/bin/../lib/gcc/arm-none-eabi/4.6.2/../../../../arm-none-eabi/lib/armv7-m\libg.a(lib_a-memcpy.o)
 .ARM.attributes
                0x00000649       0x2d e:/program files/arm-none-eabi-gcc-4_6/bin/../lib/gcc/arm-none-eabi/4.6.2/../../../../arm-none-eabi/lib/armv7-m\libg.a(lib_a-memset.o)
 .ARM.attributes
                0x00000676       0x2d e:/program files/arm-none-eabi-gcc-4_6/bin/../lib/gcc/arm-none-eabi/4.6.2/../../../../arm-none-eabi/lib/armv7-m\libg.a(lib_a-mlock.o)
 .ARM.attributes
                0x000006a3       0x2d e:/program files/arm-none-eabi-gcc-4_6/bin/../lib/gcc/arm-none-eabi/4.6.2/../../../../arm-none-eabi/lib/armv7-m\libg.a(lib_a-sbrkr.o)
 .ARM.attributes
                0x000006d0       0x2d e:/program files/arm-none-eabi-gcc-4_6/bin/../lib/gcc/arm-none-eabi/4.6.2/../../../../arm-none-eabi/lib/armv7-m\libg.a(lib_a-strlen.o)
 .ARM.attributes
                0x000006fd       0x2d e:/program files/arm-none-eabi-gcc-4_6/bin/../lib/gcc/arm-none-eabi/4.6.2/../../../../arm-none-eabi/lib/armv7-m\libg.a(lib_a-strtol.o)
 .ARM.attributes
                0x0000072a       0x2d e:/program files/arm-none-eabi-gcc-4_6/bin/../lib/gcc/arm-none-eabi/4.6.2/../../../../arm-none-eabi/lib/armv7-m\libg.a(lib_a-ctype_.o)
 .ARM.attributes
                0x00000757       0x2d e:/program files/arm-none-eabi-gcc-4_6/bin/../lib/gcc/arm-none-eabi/4.6.2/../../../../arm-none-eabi/lib/armv7-m\libg.a(lib_a-freer.o)
 .ARM.attributes
                0x00000784       0x2d e:/program files/arm-none-eabi-gcc-4_6/bin/../lib/gcc/arm-none-eabi/4.6.2/../../../../arm-none-eabi/lib/armv7-m\libg.a(lib_a-reent.o)

.debug_frame    0x00000000     0x1d5c
 .debug_frame   0x00000000      0x65c ..\obj\stm32f10x_tim.o
 .debug_frame   0x0000065c       0x38 ..\obj\startup_stm32f10x_md_vl.o
 .debug_frame   0x00000694      0x170 ..\obj\core_cm3.o
 .debug_frame   0x00000804       0x34 ..\obj\system_stm32f10x.o
 .debug_frame   0x00000838       0x54 ..\obj\uart.o
 .debug_frame   0x0000088c      0x174 ..\obj\stm32f10x_gpio.o
 .debug_frame   0x00000a00      0x140 ..\obj\stm32f10x_dac.o
 .debug_frame   0x00000b40       0x60 ..\obj\main.o
 .debug_frame   0x00000ba0      0x234 ..\obj\stm32f10x_rcc.o
 .debug_frame   0x00000dd4      0x280 ..\obj\stm32f10x_adc.o
 .debug_frame   0x00001054      0x20c ..\obj\stm32f10x_usart.o
 .debug_frame   0x00001260      0x1d4 ..\obj\fifo.o
 .debug_frame   0x00001434       0xa0 ..\obj\syscalls.o
 .debug_frame   0x000014d4      0x254 ..\obj\stm32f10x_flash.o
 .debug_frame   0x00001728       0x70 ..\obj\misc.o
 .debug_frame   0x00001798      0x12c ..\obj\console.o
 .debug_frame   0x000018c4       0x74 ..\obj\interface.o
 .debug_frame   0x00001938       0xe4 ..\obj\sheppard.o
 .debug_frame   0x00001a1c       0x34 e:/program files/arm-none-eabi-gcc-4_6/bin/../lib/gcc/arm-none-eabi/4.6.2/../../../../arm-none-eabi/lib/armv7-m\libm.a(lib_a-w_exp.o)
 .debug_frame   0x00001a50       0x38 e:/program files/arm-none-eabi-gcc-4_6/bin/../lib/gcc/arm-none-eabi/4.6.2/../../../../arm-none-eabi/lib/armv7-m\libm.a(lib_a-e_exp.o)
 .debug_frame   0x00001a88       0x20 e:/program files/arm-none-eabi-gcc-4_6/bin/../lib/gcc/arm-none-eabi/4.6.2/../../../../arm-none-eabi/lib/armv7-m\libm.a(lib_a-s_finite.o)
 .debug_frame   0x00001aa8       0x20 e:/program files/arm-none-eabi-gcc-4_6/bin/../lib/gcc/arm-none-eabi/4.6.2/../../../../arm-none-eabi/lib/armv7-m\libm.a(lib_a-s_matherr.o)
 .debug_frame   0x00001ac8       0x30 e:/program files/arm-none-eabi-gcc-4_6/bin/../lib/gcc/arm-none-eabi/4.6.2/../../../../arm-none-eabi/lib/armv7-m\libg.a(lib_a-atoi.o)
 .debug_frame   0x00001af8       0x20 e:/program files/arm-none-eabi-gcc-4_6/bin/../lib/gcc/arm-none-eabi/4.6.2/../../../../arm-none-eabi/lib/armv7-m\libg.a(lib_a-errno.o)
 .debug_frame   0x00001b18       0x30 e:/program files/arm-none-eabi-gcc-4_6/bin/../lib/gcc/arm-none-eabi/4.6.2/../../../../arm-none-eabi/lib/armv7-m\libg.a(lib_a-malloc.o)
 .debug_frame   0x00001b48       0x38 e:/program files/arm-none-eabi-gcc-4_6/bin/../lib/gcc/arm-none-eabi/4.6.2/../../../../arm-none-eabi/lib/armv7-m\libg.a(lib_a-mallocr.o)
 .debug_frame   0x00001b80       0x2c e:/program files/arm-none-eabi-gcc-4_6/bin/../lib/gcc/arm-none-eabi/4.6.2/../../../../arm-none-eabi/lib/armv7-m\libg.a(lib_a-memcpy.o)
 .debug_frame   0x00001bac       0x2c e:/program files/arm-none-eabi-gcc-4_6/bin/../lib/gcc/arm-none-eabi/4.6.2/../../../../arm-none-eabi/lib/armv7-m\libg.a(lib_a-memset.o)
 .debug_frame   0x00001bd8       0x30 e:/program files/arm-none-eabi-gcc-4_6/bin/../lib/gcc/arm-none-eabi/4.6.2/../../../../arm-none-eabi/lib/armv7-m\libg.a(lib_a-mlock.o)
 .debug_frame   0x00001c08       0x2c e:/program files/arm-none-eabi-gcc-4_6/bin/../lib/gcc/arm-none-eabi/4.6.2/../../../../arm-none-eabi/lib/armv7-m\libg.a(lib_a-sbrkr.o)
 .debug_frame   0x00001c34       0x20 e:/program files/arm-none-eabi-gcc-4_6/bin/../lib/gcc/arm-none-eabi/4.6.2/../../../../arm-none-eabi/lib/armv7-m\libg.a(lib_a-strlen.o)
 .debug_frame   0x00001c54       0x50 e:/program files/arm-none-eabi-gcc-4_6/bin/../lib/gcc/arm-none-eabi/4.6.2/../../../../arm-none-eabi/lib/armv7-m\libg.a(lib_a-strtol.o)
 .debug_frame   0x00001ca4       0x50 e:/program files/arm-none-eabi-gcc-4_6/bin/../lib/gcc/arm-none-eabi/4.6.2/../../../../arm-none-eabi/lib/armv7-m\libg.a(lib_a-freer.o)
 .debug_frame   0x00001cf4       0x68 e:/program files/arm-none-eabi-gcc-4_6/bin/../lib/gcc/arm-none-eabi/4.6.2/../../../../arm-none-eabi/lib/armv7-m\libg.a(lib_a-reent.o)
